<?xml version='1.0' encoding='UTF-8'?>
<dataset>
  <table name="query result of query03">
    <column>WEEK_BEG_DT</column>
    <column>GMV</column>
    <column>TRANS_CNT</column>
    <column>DIST_SELLER</column>
    <row>
      <value>2013-05-05</value>
      <value>12015.3700</value>
      <value>23</value>
      <value>23</value>
    </row>
    <row>
      <value>2013-05-12</value>
      <value>12093.5100</value>
      <value>23</value>
      <value>22</value>
    </row>
    <row>
      <value>2013-05-19</value>
      <value>8357.7700</value>
      <value>22</value>
      <value>22</value>
    </row>
    <row>
      <value>2013-05-26</value>
      <value>9014.9500</value>
      <value>20</value>
      <value>20</value>
    </row>
    <row>
      <value>2013-06-02</value>
      <value>9664.6800</value>
      <value>22</value>
      <value>22</value>
    </row>
    <row>
      <value>2013-06-09</value>
      <value>8090.4100</value>
      <value>16</value>
      <value>16</value>
    </row>
    <row>
      <value>2013-06-16</value>
      <value>3830.7500</value>
      <value>9</value>
      <value>9</value>
    </row>
    <row>
      <value>2013-06-23</value>
      <value>5214.8000</value>
      <value>17</value>
      <value>17</value>
    </row>
    <row>
      <value>2013-06-30</value>
      <value>11961.7000</value>
      <value>26</value>
      <value>26</value>
    </row>
    <row>
      <value>2013-07-07</value>
      <value>3565.0800</value>
      <value>11</value>
      <value>11</value>
    </row>
    <row>
      <value>2013-07-14</value>
      <value>8746.9500</value>
      <value>22</value>
      <value>21</value>
    </row>
    <row>
      <value>2013-07-21</value>
      <value>10337.1900</value>
      <value>19</value>
      <value>19</value>
    </row>
    <row>
      <value>2013-07-28</value>
      <value>8413.9300</value>
      <value>18</value>
      <value>18</value>
    </row>
  </table>
</dataset>
