<?xml version="1.0" encoding="UTF-8"?>
<dataset>
  <table name="expect">
    <column>c1</column>
    <column>c2</column>
    <row>
      <null/>
      <value>Computers Catagory</value>
    </row>
  </table>
</dataset>