<?xml version='1.0' encoding='UTF-8'?>
<dataset>
  <table name="query result of query04">
    <column>TEMP_Test__3911753001__0_</column>
    <row>
      <value><![CDATA[2004-08-04 00:00:00.0]]></value>
    </row>
    <row>
      <value><![CDATA[2004-08-05 00:00:00.0]]></value>
    </row>
    <row>
      <value><![CDATA[2004-08-09 00:00:00.0]]></value>
    </row>
    <row>
      <value><![CDATA[2004-08-12 00:00:00.0]]></value>
    </row>
    <row>
      <value><![CDATA[2004-08-14 00:00:00.0]]></value>
    </row>
    <row>
      <value><![CDATA[2004-08-17 00:00:00.0]]></value>
    </row>
    <row>
      <value><![CDATA[2004-08-19 00:00:00.0]]></value>
    </row>
    <row>
      <value><![CDATA[2004-08-22 00:00:00.0]]></value>
    </row>
    <row>
      <value><![CDATA[2004-08-23 00:00:00.0]]></value>
    </row>
    <row>
      <value><![CDATA[2004-08-25 00:00:00.0]]></value>
    </row>
    <row>
      <value><![CDATA[2004-08-26 00:00:00.0]]></value>
    </row>
    <row>
      <value><![CDATA[2004-08-28 00:00:00.0]]></value>
    </row>
    <row>
      <value><![CDATA[2004-08-31 00:00:00.0]]></value>
    </row>
    <row>
      <value><![CDATA[2004-09-02 00:00:00.0]]></value>
    </row>
  </table>
</dataset>
