<?xml version='1.0' encoding='UTF-8'?>
<dataset>
  <table name="query result of query30_union">
    <column>DATETIME0</column>
    <row>
      <value><![CDATA[1970-01-01 00:00:00.0]]></value>
    </row>
    <row>
      <value><![CDATA[2004-07-04 22:49:00.0]]></value>
    </row>
    <row>
      <value><![CDATA[2004-07-05 13:14:00.0]]></value>
    </row>
    <row>
      <value><![CDATA[2004-07-09 10:17:00.0]]></value>
    </row>
    <row>
      <value><![CDATA[2004-07-12 17:30:00.0]]></value>
    </row>
    <row>
      <value><![CDATA[2004-07-14 07:43:00.0]]></value>
    </row>
    <row>
      <value><![CDATA[2004-07-14 08:16:00.0]]></value>
    </row>
    <row>
      <value><![CDATA[2004-07-17 14:01:00.0]]></value>
    </row>
    <row>
      <value><![CDATA[2004-07-19 22:21:00.0]]></value>
    </row>
    <row>
      <value><![CDATA[2004-07-22 00:30:00.0]]></value>
    </row>
    <row>
      <value><![CDATA[2004-07-23 21:13:00.0]]></value>
    </row>
    <row>
      <value><![CDATA[2004-07-25 15:22:00.0]]></value>
    </row>
    <row>
      <value><![CDATA[2004-07-26 12:30:00.0]]></value>
    </row>
    <row>
      <value><![CDATA[2004-07-28 06:54:00.0]]></value>
    </row>
    <row>
      <value><![CDATA[2004-07-28 12:34:00.0]]></value>
    </row>
    <row>
      <value><![CDATA[2004-07-28 23:30:00.0]]></value>
    </row>
    <row>
      <value><![CDATA[2004-07-31 11:57:00.0]]></value>
    </row>
    <row>
      <value><![CDATA[2004-08-02 07:59:00.0]]></value>
    </row>
  </table>
</dataset>
