<?xml version='1.0' encoding='UTF-8'?>
<dataset>
  <table name="query result of query29">
    <column>TEMP_Test__4025480237__0_</column>
    <row>
      <value>-11511</value>
    </row>
    <row>
      <value>-11515</value>
    </row>
    <row>
      <value>-11516</value>
    </row>
    <row>
      <value>-11517</value>
    </row>
    <row>
      <value>-11518</value>
    </row>
    <row>
      <value>-11521</value>
    </row>
    <row>
      <value>-11522</value>
    </row>
    <row>
      <value>-11524</value>
    </row>
    <row>
      <value>-11527</value>
    </row>
    <row>
      <value>-11528</value>
    </row>
    <row>
      <value>-11530</value>
    </row>
    <row>
      <value>-11532</value>
    </row>
    <row>
      <value>-11533</value>
    </row>
    <row>
      <value>-11539</value>
    </row>
  </table>
</dataset>
