<?xml version='1.0' encoding='UTF-8'?>
<dataset>
  <table name="query result of query27">
    <column>TEMP_Test__3234721574__0_</column>
    <row>
      <value>1646</value>
    </row>
    <row>
      <value>1647</value>
    </row>
    <row>
      <value>1651</value>
    </row>
    <row>
      <value>1654</value>
    </row>
    <row>
      <value>1656</value>
    </row>
    <row>
      <value>1659</value>
    </row>
    <row>
      <value>1661</value>
    </row>
    <row>
      <value>1664</value>
    </row>
    <row>
      <value>1665</value>
    </row>
    <row>
      <value>1667</value>
    </row>
    <row>
      <value>1668</value>
    </row>
    <row>
      <value>1670</value>
    </row>
    <row>
      <value>1673</value>
    </row>
    <row>
      <value>1675</value>
    </row>
  </table>
</dataset>
