<?xml version='1.0' encoding='UTF-8'?>
<dataset>
  <table name="query result of query01">
    <column>TEMP_Test__1142591405__0_</column>
    <row>
      <value><![CDATA[2004-07-05 22:49:00.0]]></value>
    </row>
    <row>
      <value><![CDATA[2004-07-06 13:14:00.0]]></value>
    </row>
    <row>
      <value><![CDATA[2004-07-10 10:17:00.0]]></value>
    </row>
    <row>
      <value><![CDATA[2004-07-13 17:30:00.0]]></value>
    </row>
    <row>
      <value><![CDATA[2004-07-15 07:43:00.0]]></value>
    </row>
    <row>
      <value><![CDATA[2004-07-15 08:16:00.0]]></value>
    </row>
    <row>
      <value><![CDATA[2004-07-18 14:01:00.0]]></value>
    </row>
    <row>
      <value><![CDATA[2004-07-20 22:21:00.0]]></value>
    </row>
    <row>
      <value><![CDATA[2004-07-23 00:30:00.0]]></value>
    </row>
    <row>
      <value><![CDATA[2004-07-24 21:13:00.0]]></value>
    </row>
    <row>
      <value><![CDATA[2004-07-26 15:22:00.0]]></value>
    </row>
    <row>
      <value><![CDATA[2004-07-27 12:30:00.0]]></value>
    </row>
    <row>
      <value><![CDATA[2004-07-29 06:54:00.0]]></value>
    </row>
    <row>
      <value><![CDATA[2004-07-29 12:34:00.0]]></value>
    </row>
    <row>
      <value><![CDATA[2004-07-29 23:30:00.0]]></value>
    </row>
    <row>
      <value><![CDATA[2004-08-01 11:57:00.0]]></value>
    </row>
    <row>
      <value><![CDATA[2004-08-03 07:59:00.0]]></value>
    </row>
  </table>
</dataset>
