<?xml version='1.0' encoding='UTF-8'?>
<dataset>
  <table name="query result of query04">
    <column>TEMP_Test__3911753001__0_</column>
    <row>
      <value><![CDATA[2004-08-04 22:49:00.0]]></value>
    </row>
    <row>
      <value><![CDATA[2004-08-05 13:14:00.0]]></value>
    </row>
    <row>
      <value><![CDATA[2004-08-09 10:17:00.0]]></value>
    </row>
    <row>
      <value><![CDATA[2004-08-12 17:30:00.0]]></value>
    </row>
    <row>
      <value><![CDATA[2004-08-14 07:43:00.0]]></value>
    </row>
    <row>
      <value><![CDATA[2004-08-14 08:16:00.0]]></value>
    </row>
    <row>
      <value><![CDATA[2004-08-17 14:01:00.0]]></value>
    </row>
    <row>
      <value><![CDATA[2004-08-19 22:21:00.0]]></value>
    </row>
    <row>
      <value><![CDATA[2004-08-22 00:30:00.0]]></value>
    </row>
    <row>
      <value><![CDATA[2004-08-23 21:13:00.0]]></value>
    </row>
    <row>
      <value><![CDATA[2004-08-25 15:22:00.0]]></value>
    </row>
    <row>
      <value><![CDATA[2004-08-26 12:30:00.0]]></value>
    </row>
    <row>
      <value><![CDATA[2004-08-28 06:54:00.0]]></value>
    </row>
    <row>
      <value><![CDATA[2004-08-28 12:34:00.0]]></value>
    </row>
    <row>
      <value><![CDATA[2004-08-28 23:30:00.0]]></value>
    </row>
    <row>
      <value><![CDATA[2004-08-31 11:57:00.0]]></value>
    </row>
    <row>
      <value><![CDATA[2004-09-02 07:59:00.0]]></value>
    </row>
  </table>
</dataset>
