<?xml version='1.0' encoding='UTF-8'?>
<dataset>
  <table name="query result of query27">
    <column>TEMP_Test__3234721574__0_</column>
    <row>
      <value>-13419111</value>
    </row>
    <row>
      <value>-1856186407</value>
    </row>
    <row>
      <value>-2014706407</value>
    </row>
    <row>
      <value>1078100889</value>
    </row>
    <row>
      <value>1280900889</value>
    </row>
    <row>
      <value>1461440889</value>
    </row>
    <row>
      <value>1622420889</value>
    </row>
    <row>
      <value>1774160889</value>
    </row>
    <row>
      <value>1850240889</value>
    </row>
    <row>
      <value>2002880889</value>
    </row>
    <row>
      <value>2023280889</value>
    </row>
    <row>
      <value>2062640889</value>
    </row>
    <row>
      <value>373460889</value>
    </row>
    <row>
      <value>38480889</value>
    </row>
    <row>
      <value>658640889</value>
    </row>
    <row>
      <value>796220889</value>
    </row>
    <row>
      <value>798200889</value>
    </row>
  </table>
</dataset>
