<?xml version='1.0' encoding='UTF-8'?>
<dataset>
  <table name="query result of query00">
    <column>WEEK</column>
    <column>A</column>
    <column>B</column>
    <column>C</column>
    <column>AB</column>
    <column>AC</column>
    <column>ABC</column>
    <column>SELLERS</column>
    <column>CNT</column>
    <row>
      <value>2012-06-23</value>
      <value>16</value>
      <value>25</value>
      <value>17</value>
      <value>0</value>
      <value>0</value>
      <value>0</value>
      <value>92</value>
      <value>98</value>
    </row>
    <row>
      <value>2013-12-22</value>
      <value>13</value>
      <value>16</value>
      <value>21</value>
      <value>0</value>
      <value>0</value>
      <value>0</value>
      <value>96</value>
      <value>100</value>
    </row>
  </table>
</dataset>
