<?xml version='1.0' encoding='UTF-8'?>
<dataset>
  <table name="query result of query03">
    <column>LEAF_CATEG_ID</column>
    <column>FIRST_DAY</column>
    <row>
      <value>106246</value>
      <value>0</value>
    </row>
    <row>
      <value>10866</value>
      <value>1</value>
    </row>
    <row>
      <value>11554</value>
      <value>0</value>
    </row>
    <row>
      <value>1161</value>
      <value>0</value>
    </row>
    <row>
      <value>13987</value>
      <value>1</value>
    </row>
    <row>
      <value>139973</value>
      <value>0</value>
    </row>
    <row>
      <value>148324</value>
      <value>0</value>
    </row>
    <row>
      <value>1504</value>
      <value>0</value>
    </row>
    <row>
      <value>15115</value>
      <value>0</value>
    </row>
    <row>
      <value>152801</value>
      <value>1</value>
    </row>
    <row>
      <value>156614</value>
      <value>0</value>
    </row>
    <row>
      <value>161567</value>
      <value>0</value>
    </row>
    <row>
      <value>164261</value>
      <value>1</value>
    </row>
    <row>
      <value>166013</value>
      <value>0</value>
    </row>
    <row>
      <value>20865</value>
      <value>0</value>
    </row>
    <row>
      <value>24541</value>
      <value>0</value>
    </row>
    <row>
      <value>26262</value>
      <value>1</value>
    </row>
    <row>
      <value>32996</value>
      <value>1</value>
    </row>
    <row>
      <value>43479</value>
      <value>0</value>
    </row>
    <row>
      <value>44079</value>
      <value>0</value>
    </row>
    <row>
      <value>61323</value>
      <value>0</value>
    </row>
    <row>
      <value>62179</value>
      <value>1</value>
    </row>
    <row>
      <value>66767</value>
      <value>0</value>
    </row>
    <row>
      <value>67698</value>
      <value>1</value>
    </row>
    <row>
      <value>9426</value>
      <value>1</value>
    </row>
    <row>
      <value>95173</value>
      <value>0</value>
    </row>
    <row>
      <value>95672</value>
      <value>1</value>
    </row>
    <row>
      <value>99985</value>
      <value>0</value>
    </row>
  </table>
</dataset>
