<?xml version='1.0' encoding='UTF-8'?>
<dataset>
  <table name="query result of query09">
    <column>CAL_DT</column>
    <column>LSTG_FORMAT_NAME</column>
    <column>GMV</column>
    <column>last_day</column>
    <column>last_year</column>
    <row>
      <value>2013-01-07</value>
      <value>ABIN</value>
      <value>204.99</value>
      <value>100</value>
      <value>625.51</value>
    </row>
    <row>
      <value>2013-01-07</value>
      <value>FP-GTC</value>
      <value>1836.98</value>
      <value>100</value>
      <value>720.62</value>
    </row>
    <row>
      <value>2013-01-07</value>
      <value><![CDATA[FP-non GTC]]></value>
      <value>1860.96</value>
      <value>100</value>
      <value>2617.74</value>
    </row>
    <row>
      <value>2013-01-07</value>
      <value>Others</value>
      <value>1925.81</value>
      <value>100</value>
      <value>1415.28</value>
    </row>
    <row>
      <value>2013-01-08</value>
      <value>ABIN</value>
      <value>2611.07</value>
      <value>1273.754817308161</value>
      <value>510.79</value>
    </row>
    <row>
      <value>2013-01-08</value>
      <value>Auction</value>
      <value>2218.68</value>
      <value>100</value>
      <value>946.92</value>
    </row>
    <row>
      <value>2013-01-08</value>
      <value>FP-GTC</value>
      <value>1428.93</value>
      <value>77.78691112586963</value>
      <value>1496.84</value>
    </row>
    <row>
      <value>2013-01-08</value>
      <value><![CDATA[FP-non GTC]]></value>
      <value>931.57</value>
      <value>50.05857191986931</value>
      <value>3321.69</value>
    </row>
    <row>
      <value>2013-01-08</value>
      <value>Others</value>
      <value>1774.92</value>
      <value>92.16485530763679</value>
      <value>920.81</value>
    </row>
    <row>
      <value>2013-01-09</value>
      <value>ABIN</value>
      <value>1675.41</value>
      <value>64.16564856553061</value>
      <value>3.77</value>
    </row>
    <row>
      <value>2013-01-09</value>
      <value>Auction</value>
      <value>2102.10</value>
      <value>94.74552436583915</value>
      <value>2517.69</value>
    </row>
    <row>
      <value>2013-01-09</value>
      <value>FP-GTC</value>
      <value>1733.32</value>
      <value>121.3019532097444</value>
      <value>1345.97</value>
    </row>
    <row>
      <value>2013-01-09</value>
      <value><![CDATA[FP-non GTC]]></value>
      <value>1905.67</value>
      <value>204.5654110802194</value>
      <value>1118.38</value>
    </row>
    <row>
      <value>2013-01-09</value>
      <value>Others</value>
      <value>254.06</value>
      <value>14.31388456944538</value>
      <value>463.48</value>
    </row>
    <row>
      <value>2013-01-10</value>
      <value>ABIN</value>
      <value>715.07</value>
      <value>42.68029915065566</value>
      <value>3039.79</value>
    </row>
    <row>
      <value>2013-01-10</value>
      <value>Auction</value>
      <value>1215.12</value>
      <value>57.80505209076638</value>
      <value>2841.35</value>
    </row>
    <row>
      <value>2013-01-10</value>
      <value>FP-GTC</value>
      <value>341.37</value>
      <value>19.69457457365057</value>
      <value>990.06</value>
    </row>
    <row>
      <value>2013-01-10</value>
      <value><![CDATA[FP-non GTC]]></value>
      <value>2116.97</value>
      <value>111.0879638132520</value>
      <value>4167.86</value>
    </row>
    <row>
      <value>2013-01-10</value>
      <value>Others</value>
      <value>1061.36</value>
      <value>417.7595843501535</value>
      <value>-29.83</value>
    </row>
    <row>
      <value>2013-01-11</value>
      <value>ABIN</value>
      <value>38.06</value>
      <value>5.322555833694603</value>
      <value>1577.19</value>
    </row>
    <row>
      <value>2013-01-11</value>
      <value>Auction</value>
      <value>2505.25</value>
      <value>206.1730528672065</value>
      <value>1558.87</value>
    </row>
    <row>
      <value>2013-01-11</value>
      <value>FP-GTC</value>
      <value>379.03</value>
      <value>111.0320180449366</value>
      <value>913.92</value>
    </row>
    <row>
      <value>2013-01-11</value>
      <value><![CDATA[FP-non GTC]]></value>
      <value>253.81</value>
      <value>11.98930546960987</value>
      <value>1323.94</value>
    </row>
    <row>
      <value>2013-01-11</value>
      <value>Others</value>
      <value>1055.36</value>
      <value>99.43468757066405</value>
      <value>-78.19</value>
    </row>
    <row>
      <value>2013-01-12</value>
      <value>ABIN</value>
      <value>348.39</value>
      <value>915.3704676826064</value>
      <value>402.29</value>
    </row>
    <row>
      <value>2013-01-12</value>
      <value>Auction</value>
      <value>892.13</value>
      <value>35.61041812194392</value>
      <value>395.57</value>
    </row>
    <row>
      <value>2013-01-12</value>
      <value>FP-GTC</value>
      <value>253.9</value>
      <value>66.98678204891433</value>
      <value>1076.27</value>
    </row>
    <row>
      <value>2013-01-12</value>
      <value><![CDATA[FP-non GTC]]></value>
      <value>3330.28</value>
      <value>1312.115361884875</value>
      <value>1890.81</value>
    </row>
    <row>
      <value>2013-01-12</value>
      <value>Others</value>
      <value>1518.92</value>
      <value>143.9243480897514</value>
      <value>478.45</value>
    </row>
    <row>
      <value>2013-01-13</value>
      <value>ABIN</value>
      <value>811.69</value>
      <value>232.9831510663337</value>
      <value>1013.85</value>
    </row>
    <row>
      <value>2013-01-13</value>
      <value>Auction</value>
      <value>394.68</value>
      <value>44.24018921009270</value>
      <value>1612.16</value>
    </row>
    <row>
      <value>2013-01-13</value>
      <value>FP-GTC</value>
      <value>894.27</value>
      <value>352.2134698700276</value>
      <value>1091.57</value>
    </row>
    <row>
      <value>2013-01-13</value>
      <value><![CDATA[FP-non GTC]]></value>
      <value>4557.59</value>
      <value>136.8530574005789</value>
      <value>441.02</value>
    </row>
    <row>
      <value>2013-01-13</value>
      <value>Others</value>
      <value>1477.64</value>
      <value>97.28227951439180</value>
      <value>695.85</value>
    </row>
    <row>
      <value>2013-01-14</value>
      <value>ABIN</value>
      <value>2218.16</value>
      <value>273.2767435843733</value>
      <value>10.24</value>
    </row>
    <row>
      <value>2013-01-14</value>
      <value>Auction</value>
      <value>464.02</value>
      <value>117.5686632208371</value>
      <value>1612.16</value>
    </row>
    <row>
      <value>2013-01-14</value>
      <value>FP-GTC</value>
      <value>2651.95</value>
      <value>296.5491406398515</value>
      <value>2121.83</value>
    </row>
    <row>
      <value>2013-01-14</value>
      <value><![CDATA[FP-non GTC]]></value>
      <value>1924.96</value>
      <value>42.23635737308534</value>
      <value>466.68</value>
    </row>
    <row>
      <value>2013-01-14</value>
      <value>Others</value>
      <value>2544.96</value>
      <value>172.2313960098536</value>
      <value>1373.09</value>
    </row>
    <row>
      <value>2013-01-15</value>
      <value>ABIN</value>
      <value>1187.01</value>
      <value>53.51327226169438</value>
      <value>2246.82</value>
    </row>
    <row>
      <value>2013-01-15</value>
      <value>Auction</value>
      <value>966.72</value>
      <value>208.3358475927762</value>
      <value>384.10</value>
    </row>
    <row>
      <value>2013-01-15</value>
      <value>FP-GTC</value>
      <value>1688.77</value>
      <value>63.68031071475707</value>
      <value>1836.98</value>
    </row>
    <row>
      <value>2013-01-15</value>
      <value><![CDATA[FP-non GTC]]></value>
      <value>935.68</value>
      <value>48.60776327819799</value>
      <value>788.08</value>
    </row>
    <row>
      <value>2013-01-15</value>
      <value>Others</value>
      <value>2877.95</value>
      <value>113.0842920910348</value>
      <value>517.44</value>
    </row>
  </table>
</dataset>
