<?xml version='1.0' encoding='UTF-8'?>
<dataset>
  <table name="query result of query06">
    <column>CAL_DT</column>
    <column>LSTG_FORMAT_NAME</column>
    <column>GMV</column>
    <column>prev</column>
    <row>
      <value>2012-01-01</value>
      <value>ABIN</value>
      <value>807.2900</value>
      <value>0E-21</value>
    </row>
    <row>
      <value>2012-01-01</value>
      <value>Auction</value>
      <value>893.5700</value>
      <value>0E-21</value>
    </row>
    <row>
      <value>2012-01-01</value>
      <value>FP-GTC</value>
      <value>-121.3900</value>
      <value>0E-21</value>
    </row>
    <row>
      <value>2012-01-01</value>
      <value><![CDATA[FP-non GTC]]></value>
      <value>1626.8700</value>
      <value>0E-21</value>
    </row>
    <row>
      <value>2012-01-01</value>
      <value>Others</value>
      <value>814.8500</value>
      <value>0E-21</value>
    </row>
    <row>
      <value>2012-01-02</value>
      <value>ABIN</value>
      <value>1245.0500</value>
      <value>1.5422586678888627383</value>
    </row>
    <row>
      <value>2012-01-02</value>
      <value>Auction</value>
      <value>290.0700</value>
      <value>0.3246192240115491791</value>
    </row>
    <row>
      <value>2012-01-02</value>
      <value>FP-GTC</value>
      <value>301.6200</value>
      <value>-2.4847186753439327786</value>
    </row>
    <row>
      <value>2012-01-02</value>
      <value><![CDATA[FP-non GTC]]></value>
      <value>2176.7900</value>
      <value>1.3380233208553848802</value>
    </row>
    <row>
      <value>2012-01-02</value>
      <value>Others</value>
      <value>705.3500</value>
      <value>0.8656194391605817022</value>
    </row>
    <row>
      <value>2012-01-03</value>
      <value>ABIN</value>
      <value>358.9100</value>
      <value>0.2882695474077346291</value>
    </row>
    <row>
      <value>2012-01-03</value>
      <value>Auction</value>
      <value>949.4000</value>
      <value>3.2730030682249112283</value>
    </row>
    <row>
      <value>2012-01-03</value>
      <value>FP-GTC</value>
      <value>381.7800</value>
      <value>1.2657648697036005570</value>
    </row>
    <row>
      <value>2012-01-03</value>
      <value><![CDATA[FP-non GTC]]></value>
      <value>2125.6800</value>
      <value>0.9765204728062881583</value>
    </row>
    <row>
      <value>2012-01-03</value>
      <value>Others</value>
      <value>1466.4300</value>
      <value>2.0790104203586871766</value>
    </row>
    <row>
      <value>2012-01-04</value>
      <value>ABIN</value>
      <value>1916.3800</value>
      <value>5.3394444289654788108</value>
    </row>
    <row>
      <value>2012-01-04</value>
      <value>FP-GTC</value>
      <value>817.5300</value>
      <value>2.1413641364136413641</value>
    </row>
    <row>
      <value>2012-01-04</value>
      <value><![CDATA[FP-non GTC]]></value>
      <value>233.1000</value>
      <value>0.1096590267584961048</value>
    </row>
    <row>
      <value>2012-01-04</value>
      <value>Others</value>
      <value>783.4100</value>
      <value>0.5342293870147228303</value>
    </row>
    <row>
      <value>2012-01-05</value>
      <value>ABIN</value>
      <value>3210.2100</value>
      <value>1.6751427169976726954</value>
    </row>
    <row>
      <value>2012-01-05</value>
      <value>Auction</value>
      <value>925.3800</value>
      <value>0.9746998104065725722</value>
    </row>
    <row>
      <value>2012-01-05</value>
      <value>FP-GTC</value>
      <value>2733.4100</value>
      <value>3.3434980979291279831</value>
    </row>
    <row>
      <value>2012-01-05</value>
      <value><![CDATA[FP-non GTC]]></value>
      <value>1094.2000</value>
      <value>4.6941226941226941227</value>
    </row>
    <row>
      <value>2012-01-05</value>
      <value>Others</value>
      <value>1161.3500</value>
      <value>1.4824293792522433975</value>
    </row>
    <row>
      <value>2012-01-06</value>
      <value>ABIN</value>
      <value>2036.4000</value>
      <value>0.6343510237648004336</value>
    </row>
    <row>
      <value>2012-01-06</value>
      <value>Auction</value>
      <value>962.9800</value>
      <value>1.0406319566016123106</value>
    </row>
    <row>
      <value>2012-01-06</value>
      <value>FP-GTC</value>
      <value>2686.4400</value>
      <value>0.9828163356393662129</value>
    </row>
    <row>
      <value>2012-01-06</value>
      <value><![CDATA[FP-non GTC]]></value>
      <value>1006.6200</value>
      <value>0.9199597879729482727</value>
    </row>
    <row>
      <value>2012-01-06</value>
      <value>Others</value>
      <value>2334.9300</value>
      <value>2.0105308477203254833</value>
    </row>
    <row>
      <value>2012-01-07</value>
      <value>ABIN</value>
      <value>625.5100</value>
      <value>0.3071646042034963661</value>
    </row>
    <row>
      <value>2012-01-07</value>
      <value>Auction</value>
      <value>1654.7100</value>
      <value>1.7183222912210014746</value>
    </row>
    <row>
      <value>2012-01-07</value>
      <value>FP-GTC</value>
      <value>720.6200</value>
      <value>0.2682434746355771951</value>
    </row>
    <row>
      <value>2012-01-07</value>
      <value><![CDATA[FP-non GTC]]></value>
      <value>2617.7400</value>
      <value>2.6005245276271085415</value>
    </row>
    <row>
      <value>2012-01-07</value>
      <value>Others</value>
      <value>1415.2800</value>
      <value>0.6061338027264200640</value>
    </row>
    <row>
      <value>2012-01-08</value>
      <value>ABIN</value>
      <value>510.7900</value>
      <value>0.8165976563124490416</value>
    </row>
    <row>
      <value>2012-01-08</value>
      <value>Auction</value>
      <value>946.9200</value>
      <value>0.5722573744039741103</value>
    </row>
    <row>
      <value>2012-01-08</value>
      <value>FP-GTC</value>
      <value>1496.8400</value>
      <value>2.0771557825206072549</value>
    </row>
    <row>
      <value>2012-01-08</value>
      <value><![CDATA[FP-non GTC]]></value>
      <value>3321.6900</value>
      <value>1.2689151711017900937</value>
    </row>
    <row>
      <value>2012-01-08</value>
      <value>Others</value>
      <value>920.8100</value>
      <value>0.6506203719405347352</value>
    </row>
    <row>
      <value>2012-01-09</value>
      <value>ABIN</value>
      <value>3.7700</value>
      <value>0.0073807239765852895</value>
    </row>
    <row>
      <value>2012-01-09</value>
      <value>Auction</value>
      <value>2517.6900</value>
      <value>2.6588201748827778482</value>
    </row>
    <row>
      <value>2012-01-09</value>
      <value>FP-GTC</value>
      <value>1345.9700</value>
      <value>0.8992076641458004864</value>
    </row>
    <row>
      <value>2012-01-09</value>
      <value><![CDATA[FP-non GTC]]></value>
      <value>1118.3800</value>
      <value>0.3366900583739000328</value>
    </row>
    <row>
      <value>2012-01-09</value>
      <value>Others</value>
      <value>463.4800</value>
      <value>0.5033394511354133860</value>
    </row>
    <row>
      <value>2012-01-10</value>
      <value>ABIN</value>
      <value>3039.7900</value>
      <value>806.3103448275862068966</value>
    </row>
    <row>
      <value>2012-01-10</value>
      <value>Auction</value>
      <value>2841.3500</value>
      <value>1.1285543494234794593</value>
    </row>
    <row>
      <value>2012-01-10</value>
      <value>FP-GTC</value>
      <value>990.0600</value>
      <value>0.7355736011946774445</value>
    </row>
    <row>
      <value>2012-01-10</value>
      <value><![CDATA[FP-non GTC]]></value>
      <value>4167.8600</value>
      <value>3.7266939680609452959</value>
    </row>
    <row>
      <value>2012-01-10</value>
      <value>Others</value>
      <value>-29.8300</value>
      <value>-0.0643609217226201778</value>
    </row>
    <row>
      <value>2012-01-11</value>
      <value>ABIN</value>
      <value>1577.1900</value>
      <value>0.5188483414972744828</value>
    </row>
    <row>
      <value>2012-01-11</value>
      <value>Auction</value>
      <value>1558.8700</value>
      <value>0.5486370915233955690</value>
    </row>
    <row>
      <value>2012-01-11</value>
      <value>FP-GTC</value>
      <value>913.9200</value>
      <value>0.9230955699654566390</value>
    </row>
    <row>
      <value>2012-01-11</value>
      <value><![CDATA[FP-non GTC]]></value>
      <value>1323.9400</value>
      <value>0.3176546237157678041</value>
    </row>
    <row>
      <value>2012-01-11</value>
      <value>Others</value>
      <value>-78.1900</value>
      <value>2.6211867247737177338</value>
    </row>
    <row>
      <value>2012-01-12</value>
      <value>ABIN</value>
      <value>402.2900</value>
      <value>0.2550675568574490074</value>
    </row>
    <row>
      <value>2012-01-12</value>
      <value>Auction</value>
      <value>395.5700</value>
      <value>0.2537543220409655712</value>
    </row>
    <row>
      <value>2012-01-12</value>
      <value>FP-GTC</value>
      <value>1076.2700</value>
      <value>1.1776413690476190476</value>
    </row>
    <row>
      <value>2012-01-12</value>
      <value><![CDATA[FP-non GTC]]></value>
      <value>1890.8100</value>
      <value>1.4281689502545432572</value>
    </row>
    <row>
      <value>2012-01-12</value>
      <value>Others</value>
      <value>478.4500</value>
      <value>-6.1190689346463742167</value>
    </row>
    <row>
      <value>2012-01-13</value>
      <value>ABIN</value>
      <value>1013.8500</value>
      <value>2.5201968729026324293</value>
    </row>
    <row>
      <value>2012-01-13</value>
      <value>FP-GTC</value>
      <value>1091.5700</value>
      <value>1.0142157637024166798</value>
    </row>
    <row>
      <value>2012-01-13</value>
      <value><![CDATA[FP-non GTC]]></value>
      <value>441.0200</value>
      <value>0.2332439536494941321</value>
    </row>
    <row>
      <value>2012-01-13</value>
      <value>Others</value>
      <value>695.8500</value>
      <value>1.4543839481659525551</value>
    </row>
    <row>
      <value>2012-01-14</value>
      <value>ABIN</value>
      <value>10.2400</value>
      <value>0.0101001134290082359</value>
    </row>
    <row>
      <value>2012-01-14</value>
      <value>Auction</value>
      <value>1612.1600</value>
      <value>4.0755365674848952145</value>
    </row>
    <row>
      <value>2012-01-14</value>
      <value>FP-GTC</value>
      <value>2121.8300</value>
      <value>1.9438331943897322206</value>
    </row>
    <row>
      <value>2012-01-14</value>
      <value><![CDATA[FP-non GTC]]></value>
      <value>466.6800</value>
      <value>1.0581833023445648723</value>
    </row>
    <row>
      <value>2012-01-14</value>
      <value>Others</value>
      <value>1373.0900</value>
      <value>1.9732557304016670259</value>
    </row>
    <row>
      <value>2012-01-15</value>
      <value>ABIN</value>
      <value>2246.8200</value>
      <value>219.4160156250000000000</value>
    </row>
    <row>
      <value>2012-01-15</value>
      <value>Auction</value>
      <value>384.1000</value>
      <value>0.2382517864231838031</value>
    </row>
    <row>
      <value>2012-01-15</value>
      <value><![CDATA[FP-non GTC]]></value>
      <value>788.0800</value>
      <value>1.6886946087254649867</value>
    </row>
    <row>
      <value>2012-01-15</value>
      <value>Others</value>
      <value>517.4400</value>
      <value>0.3768434698381023822</value>
    </row>
    <row>
      <value>2012-01-16</value>
      <value>ABIN</value>
      <value>-38.3500</value>
      <value>-0.0170685680205801978</value>
    </row>
    <row>
      <value>2012-01-16</value>
      <value>Auction</value>
      <value>769.9300</value>
      <value>2.0045040354074459776</value>
    </row>
    <row>
      <value>2012-01-16</value>
      <value>FP-GTC</value>
      <value>604.7300</value>
      <value>0.2850039824114090196</value>
    </row>
    <row>
      <value>2012-01-16</value>
      <value><![CDATA[FP-non GTC]]></value>
      <value>1173.5400</value>
      <value>1.4891127804283829053</value>
    </row>
    <row>
      <value>2012-01-16</value>
      <value>Others</value>
      <value>1103.4900</value>
      <value>2.1325950834879406308</value>
    </row>
    <row>
      <value>2012-01-17</value>
      <value>ABIN</value>
      <value>835.2400</value>
      <value>-21.7794002607561929596</value>
    </row>
    <row>
      <value>2012-01-17</value>
      <value>Auction</value>
      <value>1932.0200</value>
      <value>2.5093450053901003987</value>
    </row>
    <row>
      <value>2012-01-17</value>
      <value>FP-GTC</value>
      <value>3124.9000</value>
      <value>5.1674300927686736229</value>
    </row>
    <row>
      <value>2012-01-17</value>
      <value><![CDATA[FP-non GTC]]></value>
      <value>3613.3200</value>
      <value>3.0789917684953218467</value>
    </row>
    <row>
      <value>2012-01-18</value>
      <value>ABIN</value>
      <value>2259.1500</value>
      <value>2.7047914371917053781</value>
    </row>
    <row>
      <value>2012-01-18</value>
      <value>Auction</value>
      <value>2563.7200</value>
      <value>1.3269634889907971967</value>
    </row>
    <row>
      <value>2012-01-18</value>
      <value>FP-GTC</value>
      <value>1078.8300</value>
      <value>0.3452366475727223271</value>
    </row>
    <row>
      <value>2012-01-18</value>
      <value><![CDATA[FP-non GTC]]></value>
      <value>1203.1800</value>
      <value>0.3329846235594965295</value>
    </row>
    <row>
      <value>2012-01-18</value>
      <value>Others</value>
      <value>1288.4600</value>
      <value>1.1676227242657387018</value>
    </row>
    <row>
      <value>2012-01-19</value>
      <value>ABIN</value>
      <value>265.7800</value>
      <value>0.1176460173073943740</value>
    </row>
    <row>
      <value>2012-01-19</value>
      <value>Auction</value>
      <value>991.9900</value>
      <value>0.3869338305275147052</value>
    </row>
    <row>
      <value>2012-01-19</value>
      <value>FP-GTC</value>
      <value>688.8300</value>
      <value>0.6384972609215539056</value>
    </row>
    <row>
      <value>2012-01-19</value>
      <value><![CDATA[FP-non GTC]]></value>
      <value>2732.3000</value>
      <value>2.2708987848867168670</value>
    </row>
    <row>
      <value>2012-01-19</value>
      <value>Others</value>
      <value>722.7600</value>
      <value>0.5609487294910202878</value>
    </row>
    <row>
      <value>2012-01-20</value>
      <value>ABIN</value>
      <value>920.4900</value>
      <value>3.4633531492211603582</value>
    </row>
    <row>
      <value>2012-01-20</value>
      <value>Auction</value>
      <value>1216.6700</value>
      <value>1.2264942186917206827</value>
    </row>
    <row>
      <value>2012-01-20</value>
      <value>FP-GTC</value>
      <value>1869.3800</value>
      <value>2.7138481192747121931</value>
    </row>
    <row>
      <value>2012-01-20</value>
      <value><![CDATA[FP-non GTC]]></value>
      <value>784.8900</value>
      <value>0.2872634776561870951</value>
    </row>
    <row>
      <value>2012-01-20</value>
      <value>Others</value>
      <value>1261.4200</value>
      <value>1.7452819746527201284</value>
    </row>
    <row>
      <value>2012-01-21</value>
      <value>ABIN</value>
      <value>1813.5900</value>
      <value>1.9702441091157970212</value>
    </row>
    <row>
      <value>2012-01-21</value>
      <value>Auction</value>
      <value>721.5200</value>
      <value>0.5930285122506513681</value>
    </row>
    <row>
      <value>2012-01-21</value>
      <value>FP-GTC</value>
      <value>103.6500</value>
      <value>0.0554461907156383400</value>
    </row>
    <row>
      <value>2012-01-21</value>
      <value><![CDATA[FP-non GTC]]></value>
      <value>2087.1000</value>
      <value>2.6590987272101823185</value>
    </row>
    <row>
      <value>2012-01-21</value>
      <value>Others</value>
      <value>1063.2700</value>
      <value>0.8429151273961091468</value>
    </row>
    <row>
      <value>2012-01-22</value>
      <value>ABIN</value>
      <value>2768.8900</value>
      <value>1.5267452952431365413</value>
    </row>
    <row>
      <value>2012-01-22</value>
      <value>FP-GTC</value>
      <value>1612.7000</value>
      <value>15.5590931017848528702</value>
    </row>
    <row>
      <value>2012-01-22</value>
      <value><![CDATA[FP-non GTC]]></value>
      <value>1386.4700</value>
      <value>0.6643045373963873317</value>
    </row>
    <row>
      <value>2012-01-22</value>
      <value>Others</value>
      <value>1442.7700</value>
      <value>1.3569178101517018255</value>
    </row>
    <row>
      <value>2012-01-23</value>
      <value>Auction</value>
      <value>748.4700</value>
      <value>1.0373517019625235614</value>
    </row>
    <row>
      <value>2012-01-23</value>
      <value>FP-GTC</value>
      <value>3157.6600</value>
      <value>1.9579959074843430272</value>
    </row>
    <row>
      <value>2012-01-23</value>
      <value>Others</value>
      <value>2125.2000</value>
      <value>1.4729998544466546989</value>
    </row>
    <row>
      <value>2012-01-24</value>
      <value>ABIN</value>
      <value>1547.8200</value>
      <value>0.5590037885217542048</value>
    </row>
    <row>
      <value>2012-01-24</value>
      <value>Auction</value>
      <value>2846.5800</value>
      <value>3.8031985249909816025</value>
    </row>
    <row>
      <value>2012-01-24</value>
      <value>FP-GTC</value>
      <value>1094.8000</value>
      <value>0.3467124389579625419</value>
    </row>
    <row>
      <value>2012-01-24</value>
      <value><![CDATA[FP-non GTC]]></value>
      <value>1595.4100</value>
      <value>1.1506992578274322560</value>
    </row>
    <row>
      <value>2012-01-24</value>
      <value>Others</value>
      <value>2492.2200</value>
      <value>1.1726990400903444382</value>
    </row>
    <row>
      <value>2012-01-25</value>
      <value>ABIN</value>
      <value>2274.3400</value>
      <value>1.4693827447636030029</value>
    </row>
    <row>
      <value>2012-01-25</value>
      <value>Auction</value>
      <value>496.0500</value>
      <value>0.1742617456737558755</value>
    </row>
    <row>
      <value>2012-01-25</value>
      <value>FP-GTC</value>
      <value>1002.9800</value>
      <value>0.9161308001461454147</value>
    </row>
    <row>
      <value>2012-01-25</value>
      <value><![CDATA[FP-non GTC]]></value>
      <value>2643.8500</value>
      <value>1.6571602284052375252</value>
    </row>
    <row>
      <value>2012-01-25</value>
      <value>Others</value>
      <value>1291.5200</value>
      <value>0.5182207028271982409</value>
    </row>
    <row>
      <value>2012-01-26</value>
      <value>ABIN</value>
      <value>-51.7000</value>
      <value>-0.0227318694654273328</value>
    </row>
    <row>
      <value>2012-01-26</value>
      <value>Auction</value>
      <value>1916.8400</value>
      <value>3.8642072371736720089</value>
    </row>
    <row>
      <value>2012-01-26</value>
      <value>FP-GTC</value>
      <value>1663.6500</value>
      <value>1.6587070529821133024</value>
    </row>
    <row>
      <value>2012-01-26</value>
      <value><![CDATA[FP-non GTC]]></value>
      <value>1983.6100</value>
      <value>0.7502732757153393725</value>
    </row>
    <row>
      <value>2012-01-26</value>
      <value>Others</value>
      <value>1009.0100</value>
      <value>0.7812577428146679881</value>
    </row>
    <row>
      <value>2012-01-27</value>
      <value>ABIN</value>
      <value>1833.5700</value>
      <value>-35.4655705996131528046</value>
    </row>
    <row>
      <value>2012-01-27</value>
      <value>Auction</value>
      <value>1938.5200</value>
      <value>1.0113102815049769412</value>
    </row>
    <row>
      <value>2012-01-27</value>
      <value>FP-GTC</value>
      <value>1750.7400</value>
      <value>1.0523487512397439365</value>
    </row>
    <row>
      <value>2012-01-27</value>
      <value><![CDATA[FP-non GTC]]></value>
      <value>2156.5400</value>
      <value>1.0871794354737070291</value>
    </row>
    <row>
      <value>2012-01-27</value>
      <value>Others</value>
      <value>1877.9700</value>
      <value>1.8612005827494276568</value>
    </row>
    <row>
      <value>2012-01-28</value>
      <value>ABIN</value>
      <value>609.0700</value>
      <value>0.3321771189537350633</value>
    </row>
    <row>
      <value>2012-01-28</value>
      <value>Auction</value>
      <value>844.2400</value>
      <value>0.4355075005674432041</value>
    </row>
    <row>
      <value>2012-01-28</value>
      <value>FP-GTC</value>
      <value>2133.9700</value>
      <value>1.2188960096873322138</value>
    </row>
    <row>
      <value>2012-01-28</value>
      <value><![CDATA[FP-non GTC]]></value>
      <value>604.7200</value>
      <value>0.2804121416713810085</value>
    </row>
    <row>
      <value>2012-01-28</value>
      <value>Others</value>
      <value>995.8900</value>
      <value>0.5303013360170822750</value>
    </row>
    <row>
      <value>2012-01-29</value>
      <value>ABIN</value>
      <value>741.2700</value>
      <value>1.2170522271660071913</value>
    </row>
    <row>
      <value>2012-01-29</value>
      <value>Auction</value>
      <value>1106.2000</value>
      <value>1.3102909125367194163</value>
    </row>
    <row>
      <value>2012-01-29</value>
      <value>FP-GTC</value>
      <value>1803.4000</value>
      <value>0.8450915429926381346</value>
    </row>
    <row>
      <value>2012-01-29</value>
      <value><![CDATA[FP-non GTC]]></value>
      <value>409.3700</value>
      <value>0.6769579309432464612</value>
    </row>
    <row>
      <value>2012-01-30</value>
      <value>ABIN</value>
      <value>2833.7200</value>
      <value>3.8227906161047931253</value>
    </row>
    <row>
      <value>2012-01-30</value>
      <value>Auction</value>
      <value>1320.1000</value>
      <value>1.1933646718495751220</value>
    </row>
    <row>
      <value>2012-01-30</value>
      <value>FP-GTC</value>
      <value>308.8100</value>
      <value>0.1712376621936342464</value>
    </row>
    <row>
      <value>2012-01-30</value>
      <value><![CDATA[FP-non GTC]]></value>
      <value>684.6300</value>
      <value>1.6723990522021643012</value>
    </row>
    <row>
      <value>2012-01-30</value>
      <value>Others</value>
      <value>490.8800</value>
      <value>0.4929058430147907901</value>
    </row>
    <row>
      <value>2012-01-31</value>
      <value>ABIN</value>
      <value>2804.3100</value>
      <value>0.9896214163714128425</value>
    </row>
    <row>
      <value>2012-01-31</value>
      <value>Auction</value>
      <value>2186.1400</value>
      <value>1.6560412089993182335</value>
    </row>
    <row>
      <value>2012-01-31</value>
      <value>FP-GTC</value>
      <value>938.3100</value>
      <value>3.0384702567922023251</value>
    </row>
    <row>
      <value>2012-01-31</value>
      <value><![CDATA[FP-non GTC]]></value>
      <value>786.0000</value>
      <value>1.1480653783795626835</value>
    </row>
    <row>
      <value>2012-01-31</value>
      <value>Others</value>
      <value>1452.9200</value>
      <value>2.9598272490221642764</value>
    </row>
  </table>
</dataset>
