<?xml version='1.0' encoding='UTF-8'?>
<dataset>
  <table name="query result of query06">
    <column>CAL_DT</column>
    <column>LSTG_FORMAT_NAME</column>
    <column>GMV</column>
    <column>prev</column>
    <row>
      <value>2012-01-01</value>
      <value>ABIN</value>
      <value>807.29</value>
      <value>0</value>
    </row>
    <row>
      <value>2012-01-01</value>
      <value>Auction</value>
      <value>893.57</value>
      <value>0</value>
    </row>
    <row>
      <value>2012-01-01</value>
      <value>FP-GTC</value>
      <value>-121.39</value>
      <value>0</value>
    </row>
    <row>
      <value>2012-01-01</value>
      <value><![CDATA[FP-non GTC]]></value>
      <value>1626.87</value>
      <value>0</value>
    </row>
    <row>
      <value>2012-01-01</value>
      <value>Others</value>
      <value>814.85</value>
      <value>0</value>
    </row>
    <row>
      <value>2012-01-02</value>
      <value>ABIN</value>
      <value>1245.05</value>
      <value>1.542258667888863</value>
    </row>
    <row>
      <value>2012-01-02</value>
      <value>Auction</value>
      <value>290.07</value>
      <value>0.3246192240115492</value>
    </row>
    <row>
      <value>2012-01-02</value>
      <value>FP-GTC</value>
      <value>301.62</value>
      <value>-2.484718675343933</value>
    </row>
    <row>
      <value>2012-01-02</value>
      <value><![CDATA[FP-non GTC]]></value>
      <value>2176.79</value>
      <value>1.338023320855385</value>
    </row>
    <row>
      <value>2012-01-02</value>
      <value>Others</value>
      <value>705.35</value>
      <value>0.8656194391605817</value>
    </row>
    <row>
      <value>2012-01-03</value>
      <value>ABIN</value>
      <value>358.91</value>
      <value>0.2882695474077346</value>
    </row>
    <row>
      <value>2012-01-03</value>
      <value>Auction</value>
      <value>949.40</value>
      <value>3.273003068224911</value>
    </row>
    <row>
      <value>2012-01-03</value>
      <value>FP-GTC</value>
      <value>381.78</value>
      <value>1.265764869703601</value>
    </row>
    <row>
      <value>2012-01-03</value>
      <value><![CDATA[FP-non GTC]]></value>
      <value>2125.68</value>
      <value>0.9765204728062882</value>
    </row>
    <row>
      <value>2012-01-03</value>
      <value>Others</value>
      <value>1466.43</value>
      <value>2.079010420358687</value>
    </row>
    <row>
      <value>2012-01-04</value>
      <value>ABIN</value>
      <value>1916.38</value>
      <value>5.339444428965479</value>
    </row>
    <row>
      <value>2012-01-04</value>
      <value>FP-GTC</value>
      <value>817.53</value>
      <value>2.141364136413641</value>
    </row>
    <row>
      <value>2012-01-04</value>
      <value><![CDATA[FP-non GTC]]></value>
      <value>233.1</value>
      <value>0.1096590267584961</value>
    </row>
    <row>
      <value>2012-01-04</value>
      <value>Others</value>
      <value>783.41</value>
      <value>0.5342293870147228</value>
    </row>
    <row>
      <value>2012-01-05</value>
      <value>ABIN</value>
      <value>3210.21</value>
      <value>1.675142716997673</value>
    </row>
    <row>
      <value>2012-01-05</value>
      <value>Auction</value>
      <value>925.38</value>
      <value>0.9746998104065726</value>
    </row>
    <row>
      <value>2012-01-05</value>
      <value>FP-GTC</value>
      <value>2733.41</value>
      <value>3.343498097929128</value>
    </row>
    <row>
      <value>2012-01-05</value>
      <value><![CDATA[FP-non GTC]]></value>
      <value>1094.20</value>
      <value>4.694122694122694</value>
    </row>
    <row>
      <value>2012-01-05</value>
      <value>Others</value>
      <value>1161.35</value>
      <value>1.482429379252243</value>
    </row>
    <row>
      <value>2012-01-06</value>
      <value>ABIN</value>
      <value>2036.40</value>
      <value>0.6343510237648004</value>
    </row>
    <row>
      <value>2012-01-06</value>
      <value>Auction</value>
      <value>962.98</value>
      <value>1.040631956601612</value>
    </row>
    <row>
      <value>2012-01-06</value>
      <value>FP-GTC</value>
      <value>2686.44</value>
      <value>0.9828163356393662</value>
    </row>
    <row>
      <value>2012-01-06</value>
      <value><![CDATA[FP-non GTC]]></value>
      <value>1006.62</value>
      <value>0.9199597879729483</value>
    </row>
    <row>
      <value>2012-01-06</value>
      <value>Others</value>
      <value>2334.93</value>
      <value>2.010530847720325</value>
    </row>
    <row>
      <value>2012-01-07</value>
      <value>ABIN</value>
      <value>625.51</value>
      <value>0.3071646042034964</value>
    </row>
    <row>
      <value>2012-01-07</value>
      <value>Auction</value>
      <value>1654.71</value>
      <value>1.718322291221001</value>
    </row>
    <row>
      <value>2012-01-07</value>
      <value>FP-GTC</value>
      <value>720.62</value>
      <value>0.2682434746355772</value>
    </row>
    <row>
      <value>2012-01-07</value>
      <value><![CDATA[FP-non GTC]]></value>
      <value>2617.74</value>
      <value>2.600524527627109</value>
    </row>
    <row>
      <value>2012-01-07</value>
      <value>Others</value>
      <value>1415.28</value>
      <value>0.6061338027264201</value>
    </row>
    <row>
      <value>2012-01-08</value>
      <value>ABIN</value>
      <value>510.79</value>
      <value>0.8165976563124490</value>
    </row>
    <row>
      <value>2012-01-08</value>
      <value>Auction</value>
      <value>946.92</value>
      <value>0.5722573744039741</value>
    </row>
    <row>
      <value>2012-01-08</value>
      <value>FP-GTC</value>
      <value>1496.84</value>
      <value>2.077155782520607</value>
    </row>
    <row>
      <value>2012-01-08</value>
      <value><![CDATA[FP-non GTC]]></value>
      <value>3321.69</value>
      <value>1.268915171101790</value>
    </row>
    <row>
      <value>2012-01-08</value>
      <value>Others</value>
      <value>920.81</value>
      <value>0.6506203719405347</value>
    </row>
    <row>
      <value>2012-01-09</value>
      <value>ABIN</value>
      <value>3.77</value>
      <value>0.007380723976585289</value>
    </row>
    <row>
      <value>2012-01-09</value>
      <value>Auction</value>
      <value>2517.69</value>
      <value>2.658820174882778</value>
    </row>
    <row>
      <value>2012-01-09</value>
      <value>FP-GTC</value>
      <value>1345.97</value>
      <value>0.8992076641458005</value>
    </row>
    <row>
      <value>2012-01-09</value>
      <value><![CDATA[FP-non GTC]]></value>
      <value>1118.38</value>
      <value>0.3366900583739000</value>
    </row>
    <row>
      <value>2012-01-09</value>
      <value>Others</value>
      <value>463.48</value>
      <value>0.5033394511354134</value>
    </row>
    <row>
      <value>2012-01-10</value>
      <value>ABIN</value>
      <value>3039.79</value>
      <value>806.3103448275862</value>
    </row>
    <row>
      <value>2012-01-10</value>
      <value>Auction</value>
      <value>2841.35</value>
      <value>1.128554349423479</value>
    </row>
    <row>
      <value>2012-01-10</value>
      <value>FP-GTC</value>
      <value>990.06</value>
      <value>0.7355736011946774</value>
    </row>
    <row>
      <value>2012-01-10</value>
      <value><![CDATA[FP-non GTC]]></value>
      <value>4167.86</value>
      <value>3.726693968060945</value>
    </row>
    <row>
      <value>2012-01-10</value>
      <value>Others</value>
      <value>-29.83</value>
      <value>-0.06436092172262018</value>
    </row>
    <row>
      <value>2012-01-11</value>
      <value>ABIN</value>
      <value>1577.19</value>
      <value>0.5188483414972745</value>
    </row>
    <row>
      <value>2012-01-11</value>
      <value>Auction</value>
      <value>1558.87</value>
      <value>0.5486370915233956</value>
    </row>
    <row>
      <value>2012-01-11</value>
      <value>FP-GTC</value>
      <value>913.92</value>
      <value>0.9230955699654566</value>
    </row>
    <row>
      <value>2012-01-11</value>
      <value><![CDATA[FP-non GTC]]></value>
      <value>1323.94</value>
      <value>0.3176546237157678</value>
    </row>
    <row>
      <value>2012-01-11</value>
      <value>Others</value>
      <value>-78.19</value>
      <value>2.621186724773718</value>
    </row>
    <row>
      <value>2012-01-12</value>
      <value>ABIN</value>
      <value>402.29</value>
      <value>0.2550675568574490</value>
    </row>
    <row>
      <value>2012-01-12</value>
      <value>Auction</value>
      <value>395.57</value>
      <value>0.2537543220409656</value>
    </row>
    <row>
      <value>2012-01-12</value>
      <value>FP-GTC</value>
      <value>1076.27</value>
      <value>1.177641369047619</value>
    </row>
    <row>
      <value>2012-01-12</value>
      <value><![CDATA[FP-non GTC]]></value>
      <value>1890.81</value>
      <value>1.428168950254543</value>
    </row>
    <row>
      <value>2012-01-12</value>
      <value>Others</value>
      <value>478.45</value>
      <value>-6.119068934646374</value>
    </row>
    <row>
      <value>2012-01-13</value>
      <value>ABIN</value>
      <value>1013.85</value>
      <value>2.520196872902632</value>
    </row>
    <row>
      <value>2012-01-13</value>
      <value>FP-GTC</value>
      <value>1091.57</value>
      <value>1.014215763702417</value>
    </row>
    <row>
      <value>2012-01-13</value>
      <value><![CDATA[FP-non GTC]]></value>
      <value>441.02</value>
      <value>0.2332439536494941</value>
    </row>
    <row>
      <value>2012-01-13</value>
      <value>Others</value>
      <value>695.85</value>
      <value>1.454383948165953</value>
    </row>
    <row>
      <value>2012-01-14</value>
      <value>ABIN</value>
      <value>10.24</value>
      <value>0.01010011342900824</value>
    </row>
    <row>
      <value>2012-01-14</value>
      <value>Auction</value>
      <value>1612.16</value>
      <value>4.075536567484895</value>
    </row>
    <row>
      <value>2012-01-14</value>
      <value>FP-GTC</value>
      <value>2121.83</value>
      <value>1.943833194389732</value>
    </row>
    <row>
      <value>2012-01-14</value>
      <value><![CDATA[FP-non GTC]]></value>
      <value>466.68</value>
      <value>1.058183302344565</value>
    </row>
    <row>
      <value>2012-01-14</value>
      <value>Others</value>
      <value>1373.09</value>
      <value>1.973255730401667</value>
    </row>
    <row>
      <value>2012-01-15</value>
      <value>ABIN</value>
      <value>2246.82</value>
      <value>219.416015625</value>
    </row>
    <row>
      <value>2012-01-15</value>
      <value>Auction</value>
      <value>384.10</value>
      <value>0.2382517864231838</value>
    </row>
    <row>
      <value>2012-01-15</value>
      <value><![CDATA[FP-non GTC]]></value>
      <value>788.08</value>
      <value>1.688694608725465</value>
    </row>
    <row>
      <value>2012-01-15</value>
      <value>Others</value>
      <value>517.44</value>
      <value>0.3768434698381024</value>
    </row>
    <row>
      <value>2012-01-16</value>
      <value>ABIN</value>
      <value>-38.35</value>
      <value>-0.01706856802058020</value>
    </row>
    <row>
      <value>2012-01-16</value>
      <value>Auction</value>
      <value>769.93</value>
      <value>2.004504035407446</value>
    </row>
    <row>
      <value>2012-01-16</value>
      <value>FP-GTC</value>
      <value>604.73</value>
      <value>0.2850039824114090</value>
    </row>
    <row>
      <value>2012-01-16</value>
      <value><![CDATA[FP-non GTC]]></value>
      <value>1173.54</value>
      <value>1.489112780428383</value>
    </row>
    <row>
      <value>2012-01-16</value>
      <value>Others</value>
      <value>1103.49</value>
      <value>2.132595083487941</value>
    </row>
    <row>
      <value>2012-01-17</value>
      <value>ABIN</value>
      <value>835.24</value>
      <value>-21.77940026075619</value>
    </row>
    <row>
      <value>2012-01-17</value>
      <value>Auction</value>
      <value>1932.02</value>
      <value>2.509345005390100</value>
    </row>
    <row>
      <value>2012-01-17</value>
      <value>FP-GTC</value>
      <value>3124.90</value>
      <value>5.167430092768674</value>
    </row>
    <row>
      <value>2012-01-17</value>
      <value><![CDATA[FP-non GTC]]></value>
      <value>3613.32</value>
      <value>3.078991768495322</value>
    </row>
    <row>
      <value>2012-01-18</value>
      <value>ABIN</value>
      <value>2259.15</value>
      <value>2.704791437191705</value>
    </row>
    <row>
      <value>2012-01-18</value>
      <value>Auction</value>
      <value>2563.72</value>
      <value>1.326963488990797</value>
    </row>
    <row>
      <value>2012-01-18</value>
      <value>FP-GTC</value>
      <value>1078.83</value>
      <value>0.3452366475727223</value>
    </row>
    <row>
      <value>2012-01-18</value>
      <value><![CDATA[FP-non GTC]]></value>
      <value>1203.18</value>
      <value>0.3329846235594965</value>
    </row>
    <row>
      <value>2012-01-18</value>
      <value>Others</value>
      <value>1288.46</value>
      <value>1.167622724265739</value>
    </row>
    <row>
      <value>2012-01-19</value>
      <value>ABIN</value>
      <value>265.78</value>
      <value>0.1176460173073944</value>
    </row>
    <row>
      <value>2012-01-19</value>
      <value>Auction</value>
      <value>991.99</value>
      <value>0.3869338305275147</value>
    </row>
    <row>
      <value>2012-01-19</value>
      <value>FP-GTC</value>
      <value>688.83</value>
      <value>0.6384972609215539</value>
    </row>
    <row>
      <value>2012-01-19</value>
      <value><![CDATA[FP-non GTC]]></value>
      <value>2732.30</value>
      <value>2.270898784886717</value>
    </row>
    <row>
      <value>2012-01-19</value>
      <value>Others</value>
      <value>722.76</value>
      <value>0.5609487294910203</value>
    </row>
    <row>
      <value>2012-01-20</value>
      <value>ABIN</value>
      <value>920.49</value>
      <value>3.463353149221160</value>
    </row>
    <row>
      <value>2012-01-20</value>
      <value>Auction</value>
      <value>1216.67</value>
      <value>1.226494218691721</value>
    </row>
    <row>
      <value>2012-01-20</value>
      <value>FP-GTC</value>
      <value>1869.38</value>
      <value>2.713848119274712</value>
    </row>
    <row>
      <value>2012-01-20</value>
      <value><![CDATA[FP-non GTC]]></value>
      <value>784.89</value>
      <value>0.2872634776561871</value>
    </row>
    <row>
      <value>2012-01-20</value>
      <value>Others</value>
      <value>1261.42</value>
      <value>1.745281974652720</value>
    </row>
    <row>
      <value>2012-01-21</value>
      <value>ABIN</value>
      <value>1813.59</value>
      <value>1.970244109115797</value>
    </row>
    <row>
      <value>2012-01-21</value>
      <value>Auction</value>
      <value>721.52</value>
      <value>0.5930285122506514</value>
    </row>
    <row>
      <value>2012-01-21</value>
      <value>FP-GTC</value>
      <value>103.65</value>
      <value>0.05544619071563834</value>
    </row>
    <row>
      <value>2012-01-21</value>
      <value><![CDATA[FP-non GTC]]></value>
      <value>2087.10</value>
      <value>2.659098727210182</value>
    </row>
    <row>
      <value>2012-01-21</value>
      <value>Others</value>
      <value>1063.27</value>
      <value>0.8429151273961091</value>
    </row>
    <row>
      <value>2012-01-22</value>
      <value>ABIN</value>
      <value>2768.89</value>
      <value>1.526745295243137</value>
    </row>
    <row>
      <value>2012-01-22</value>
      <value>FP-GTC</value>
      <value>1612.7</value>
      <value>15.55909310178485</value>
    </row>
    <row>
      <value>2012-01-22</value>
      <value><![CDATA[FP-non GTC]]></value>
      <value>1386.47</value>
      <value>0.6643045373963873</value>
    </row>
    <row>
      <value>2012-01-22</value>
      <value>Others</value>
      <value>1442.77</value>
      <value>1.356917810151702</value>
    </row>
    <row>
      <value>2012-01-23</value>
      <value>Auction</value>
      <value>748.47</value>
      <value>1.037351701962524</value>
    </row>
    <row>
      <value>2012-01-23</value>
      <value>FP-GTC</value>
      <value>3157.66</value>
      <value>1.957995907484343</value>
    </row>
    <row>
      <value>2012-01-23</value>
      <value>Others</value>
      <value>2125.20</value>
      <value>1.472999854446655</value>
    </row>
    <row>
      <value>2012-01-24</value>
      <value>ABIN</value>
      <value>1547.82</value>
      <value>0.5590037885217542</value>
    </row>
    <row>
      <value>2012-01-24</value>
      <value>Auction</value>
      <value>2846.58</value>
      <value>3.803198524990982</value>
    </row>
    <row>
      <value>2012-01-24</value>
      <value>FP-GTC</value>
      <value>1094.80</value>
      <value>0.3467124389579625</value>
    </row>
    <row>
      <value>2012-01-24</value>
      <value><![CDATA[FP-non GTC]]></value>
      <value>1595.41</value>
      <value>1.150699257827432</value>
    </row>
    <row>
      <value>2012-01-24</value>
      <value>Others</value>
      <value>2492.22</value>
      <value>1.172699040090344</value>
    </row>
    <row>
      <value>2012-01-25</value>
      <value>ABIN</value>
      <value>2274.34</value>
      <value>1.469382744763603</value>
    </row>
    <row>
      <value>2012-01-25</value>
      <value>Auction</value>
      <value>496.05</value>
      <value>0.1742617456737559</value>
    </row>
    <row>
      <value>2012-01-25</value>
      <value>FP-GTC</value>
      <value>1002.98</value>
      <value>0.9161308001461454</value>
    </row>
    <row>
      <value>2012-01-25</value>
      <value><![CDATA[FP-non GTC]]></value>
      <value>2643.85</value>
      <value>1.657160228405238</value>
    </row>
    <row>
      <value>2012-01-25</value>
      <value>Others</value>
      <value>1291.52</value>
      <value>0.5182207028271982</value>
    </row>
    <row>
      <value>2012-01-26</value>
      <value>ABIN</value>
      <value>-51.7</value>
      <value>-0.02273186946542733</value>
    </row>
    <row>
      <value>2012-01-26</value>
      <value>Auction</value>
      <value>1916.84</value>
      <value>3.864207237173672</value>
    </row>
    <row>
      <value>2012-01-26</value>
      <value>FP-GTC</value>
      <value>1663.65</value>
      <value>1.658707052982113</value>
    </row>
    <row>
      <value>2012-01-26</value>
      <value><![CDATA[FP-non GTC]]></value>
      <value>1983.61</value>
      <value>0.7502732757153394</value>
    </row>
    <row>
      <value>2012-01-26</value>
      <value>Others</value>
      <value>1009.01</value>
      <value>0.7812577428146680</value>
    </row>
    <row>
      <value>2012-01-27</value>
      <value>ABIN</value>
      <value>1833.57</value>
      <value>-35.46557059961315</value>
    </row>
    <row>
      <value>2012-01-27</value>
      <value>Auction</value>
      <value>1938.52</value>
      <value>1.011310281504977</value>
    </row>
    <row>
      <value>2012-01-27</value>
      <value>FP-GTC</value>
      <value>1750.74</value>
      <value>1.052348751239744</value>
    </row>
    <row>
      <value>2012-01-27</value>
      <value><![CDATA[FP-non GTC]]></value>
      <value>2156.54</value>
      <value>1.087179435473707</value>
    </row>
    <row>
      <value>2012-01-27</value>
      <value>Others</value>
      <value>1877.97</value>
      <value>1.861200582749428</value>
    </row>
    <row>
      <value>2012-01-28</value>
      <value>ABIN</value>
      <value>609.07</value>
      <value>0.3321771189537351</value>
    </row>
    <row>
      <value>2012-01-28</value>
      <value>Auction</value>
      <value>844.24</value>
      <value>0.4355075005674432</value>
    </row>
    <row>
      <value>2012-01-28</value>
      <value>FP-GTC</value>
      <value>2133.97</value>
      <value>1.218896009687332</value>
    </row>
    <row>
      <value>2012-01-28</value>
      <value><![CDATA[FP-non GTC]]></value>
      <value>604.72</value>
      <value>0.2804121416713810</value>
    </row>
    <row>
      <value>2012-01-28</value>
      <value>Others</value>
      <value>995.89</value>
      <value>0.5303013360170823</value>
    </row>
    <row>
      <value>2012-01-29</value>
      <value>ABIN</value>
      <value>741.27</value>
      <value>1.217052227166007</value>
    </row>
    <row>
      <value>2012-01-29</value>
      <value>Auction</value>
      <value>1106.20</value>
      <value>1.310290912536719</value>
    </row>
    <row>
      <value>2012-01-29</value>
      <value>FP-GTC</value>
      <value>1803.40</value>
      <value>0.8450915429926381</value>
    </row>
    <row>
      <value>2012-01-29</value>
      <value><![CDATA[FP-non GTC]]></value>
      <value>409.37</value>
      <value>0.6769579309432465</value>
    </row>
    <row>
      <value>2012-01-30</value>
      <value>ABIN</value>
      <value>2833.72</value>
      <value>3.822790616104793</value>
    </row>
    <row>
      <value>2012-01-30</value>
      <value>Auction</value>
      <value>1320.10</value>
      <value>1.193364671849575</value>
    </row>
    <row>
      <value>2012-01-30</value>
      <value>FP-GTC</value>
      <value>308.81</value>
      <value>0.1712376621936342</value>
    </row>
    <row>
      <value>2012-01-30</value>
      <value><![CDATA[FP-non GTC]]></value>
      <value>684.63</value>
      <value>1.672399052202164</value>
    </row>
    <row>
      <value>2012-01-30</value>
      <value>Others</value>
      <value>490.88</value>
      <value>0.4929058430147908</value>
    </row>
    <row>
      <value>2012-01-31</value>
      <value>ABIN</value>
      <value>2804.31</value>
      <value>0.9896214163714128</value>
    </row>
    <row>
      <value>2012-01-31</value>
      <value>Auction</value>
      <value>2186.14</value>
      <value>1.656041208999318</value>
    </row>
    <row>
      <value>2012-01-31</value>
      <value>FP-GTC</value>
      <value>938.31</value>
      <value>3.038470256792202</value>
    </row>
    <row>
      <value>2012-01-31</value>
      <value><![CDATA[FP-non GTC]]></value>
      <value>786.00</value>
      <value>1.148065378379563</value>
    </row>
    <row>
      <value>2012-01-31</value>
      <value>Others</value>
      <value>1452.92</value>
      <value>2.959827249022164</value>
    </row>
  </table>
</dataset>
