<?xml version='1.0' encoding='UTF-8'?>
<dataset>
  <table name="query result of query09">
    <column>CAL_DT</column>
    <column>LSTG_FORMAT_NAME</column>
    <column>GMV</column>
    <column>last_day</column>
    <column>last_year</column>
    <row>
      <value>2013-01-07</value>
      <value>ABIN</value>
      <value>204.9900</value>
      <value>100.000000000</value>
      <value>625.5100</value>
    </row>
    <row>
      <value>2013-01-07</value>
      <value>FP-GTC</value>
      <value>1836.9800</value>
      <value>100.000000000</value>
      <value>720.6200</value>
    </row>
    <row>
      <value>2013-01-07</value>
      <value><![CDATA[FP-non GTC]]></value>
      <value>1860.9600</value>
      <value>100.000000000</value>
      <value>2617.7400</value>
    </row>
    <row>
      <value>2013-01-07</value>
      <value>Others</value>
      <value>1925.8100</value>
      <value>100.000000000</value>
      <value>1415.2800</value>
    </row>
    <row>
      <value>2013-01-08</value>
      <value>ABIN</value>
      <value>2611.0700</value>
      <value>1273.754817308</value>
      <value>510.7900</value>
    </row>
    <row>
      <value>2013-01-08</value>
      <value>Auction</value>
      <value>2218.6800</value>
      <value>100.000000000</value>
      <value>946.9200</value>
    </row>
    <row>
      <value>2013-01-08</value>
      <value>FP-GTC</value>
      <value>1428.9300</value>
      <value>77.786911126</value>
      <value>1496.8400</value>
    </row>
    <row>
      <value>2013-01-08</value>
      <value><![CDATA[FP-non GTC]]></value>
      <value>931.5700</value>
      <value>50.058571920</value>
      <value>3321.6900</value>
    </row>
    <row>
      <value>2013-01-08</value>
      <value>Others</value>
      <value>1774.9200</value>
      <value>92.164855308</value>
      <value>920.8100</value>
    </row>
    <row>
      <value>2013-01-09</value>
      <value>ABIN</value>
      <value>1675.4100</value>
      <value>64.165648566</value>
      <value>3.7700</value>
    </row>
    <row>
      <value>2013-01-09</value>
      <value>Auction</value>
      <value>2102.1000</value>
      <value>94.745524366</value>
      <value>2517.6900</value>
    </row>
    <row>
      <value>2013-01-09</value>
      <value>FP-GTC</value>
      <value>1733.3200</value>
      <value>121.301953210</value>
      <value>1345.9700</value>
    </row>
    <row>
      <value>2013-01-09</value>
      <value><![CDATA[FP-non GTC]]></value>
      <value>1905.6700</value>
      <value>204.565411080</value>
      <value>1118.3800</value>
    </row>
    <row>
      <value>2013-01-09</value>
      <value>Others</value>
      <value>254.0600</value>
      <value>14.313884569</value>
      <value>463.4800</value>
    </row>
    <row>
      <value>2013-01-10</value>
      <value>ABIN</value>
      <value>715.0700</value>
      <value>42.680299151</value>
      <value>3039.7900</value>
    </row>
    <row>
      <value>2013-01-10</value>
      <value>Auction</value>
      <value>1215.1200</value>
      <value>57.805052091</value>
      <value>2841.3500</value>
    </row>
    <row>
      <value>2013-01-10</value>
      <value>FP-GTC</value>
      <value>341.3700</value>
      <value>19.694574574</value>
      <value>990.0600</value>
    </row>
    <row>
      <value>2013-01-10</value>
      <value><![CDATA[FP-non GTC]]></value>
      <value>2116.9700</value>
      <value>111.087963813</value>
      <value>4167.8600</value>
    </row>
    <row>
      <value>2013-01-10</value>
      <value>Others</value>
      <value>1061.3600</value>
      <value>417.759584350</value>
      <value>-29.8300</value>
    </row>
    <row>
      <value>2013-01-11</value>
      <value>ABIN</value>
      <value>38.0600</value>
      <value>5.322555834</value>
      <value>1577.1900</value>
    </row>
    <row>
      <value>2013-01-11</value>
      <value>Auction</value>
      <value>2505.2500</value>
      <value>206.173052867</value>
      <value>1558.8700</value>
    </row>
    <row>
      <value>2013-01-11</value>
      <value>FP-GTC</value>
      <value>379.0300</value>
      <value>111.032018045</value>
      <value>913.9200</value>
    </row>
    <row>
      <value>2013-01-11</value>
      <value><![CDATA[FP-non GTC]]></value>
      <value>253.8100</value>
      <value>11.989305470</value>
      <value>1323.9400</value>
    </row>
    <row>
      <value>2013-01-11</value>
      <value>Others</value>
      <value>1055.3600</value>
      <value>99.434687571</value>
      <value>-78.1900</value>
    </row>
    <row>
      <value>2013-01-12</value>
      <value>ABIN</value>
      <value>348.3900</value>
      <value>915.370467683</value>
      <value>402.2900</value>
    </row>
    <row>
      <value>2013-01-12</value>
      <value>Auction</value>
      <value>892.1300</value>
      <value>35.610418122</value>
      <value>395.5700</value>
    </row>
    <row>
      <value>2013-01-12</value>
      <value>FP-GTC</value>
      <value>253.9000</value>
      <value>66.986782049</value>
      <value>1076.2700</value>
    </row>
    <row>
      <value>2013-01-12</value>
      <value><![CDATA[FP-non GTC]]></value>
      <value>3330.2800</value>
      <value>1312.115361885</value>
      <value>1890.8100</value>
    </row>
    <row>
      <value>2013-01-12</value>
      <value>Others</value>
      <value>1518.9200</value>
      <value>143.924348090</value>
      <value>478.4500</value>
    </row>
    <row>
      <value>2013-01-13</value>
      <value>ABIN</value>
      <value>811.6900</value>
      <value>232.983151066</value>
      <value>1013.8500</value>
    </row>
    <row>
      <value>2013-01-13</value>
      <value>Auction</value>
      <value>394.6800</value>
      <value>44.240189210</value>
      <value>1612.1600</value>
    </row>
    <row>
      <value>2013-01-13</value>
      <value>FP-GTC</value>
      <value>894.2700</value>
      <value>352.213469870</value>
      <value>1091.5700</value>
    </row>
    <row>
      <value>2013-01-13</value>
      <value><![CDATA[FP-non GTC]]></value>
      <value>4557.5900</value>
      <value>136.853057401</value>
      <value>441.0200</value>
    </row>
    <row>
      <value>2013-01-13</value>
      <value>Others</value>
      <value>1477.6400</value>
      <value>97.282279514</value>
      <value>695.8500</value>
    </row>
    <row>
      <value>2013-01-14</value>
      <value>ABIN</value>
      <value>2218.1600</value>
      <value>273.276743584</value>
      <value>10.2400</value>
    </row>
    <row>
      <value>2013-01-14</value>
      <value>Auction</value>
      <value>464.0200</value>
      <value>117.568663221</value>
      <value>1612.1600</value>
    </row>
    <row>
      <value>2013-01-14</value>
      <value>FP-GTC</value>
      <value>2651.9500</value>
      <value>296.549140640</value>
      <value>2121.8300</value>
    </row>
    <row>
      <value>2013-01-14</value>
      <value><![CDATA[FP-non GTC]]></value>
      <value>1924.9600</value>
      <value>42.236357373</value>
      <value>466.6800</value>
    </row>
    <row>
      <value>2013-01-14</value>
      <value>Others</value>
      <value>2544.9600</value>
      <value>172.231396010</value>
      <value>1373.0900</value>
    </row>
    <row>
      <value>2013-01-15</value>
      <value>ABIN</value>
      <value>1187.0100</value>
      <value>53.513272262</value>
      <value>2246.8200</value>
    </row>
    <row>
      <value>2013-01-15</value>
      <value>Auction</value>
      <value>966.7200</value>
      <value>208.335847593</value>
      <value>384.1000</value>
    </row>
    <row>
      <value>2013-01-15</value>
      <value>FP-GTC</value>
      <value>1688.7700</value>
      <value>63.680310715</value>
      <value>1836.9800</value>
    </row>
    <row>
      <value>2013-01-15</value>
      <value><![CDATA[FP-non GTC]]></value>
      <value>935.6800</value>
      <value>48.607763278</value>
      <value>788.0800</value>
    </row>
    <row>
      <value>2013-01-15</value>
      <value>Others</value>
      <value>2877.9500</value>
      <value>113.084292091</value>
      <value>517.4400</value>
    </row>
  </table>
</dataset>
