<?xml version='1.0' encoding='UTF-8'?>
<dataset>
  <table name="query result of query08">
    <column>CAL_DT</column>
    <column>LSTG_FORMAT_NAME</column>
    <column>GMV</column>
    <column>prev 3 days</column>
    <column>next 3 days</column>
    <row>
      <value>2012-01-01</value>
      <value>ABIN</value>
      <value>807.2900</value>
      <value>807.2900</value>
      <value>1916.3800</value>
    </row>
    <row>
      <value>2012-01-01</value>
      <value>Auction</value>
      <value>893.5700</value>
      <value>893.5700</value>
      <value>949.4000</value>
    </row>
    <row>
      <value>2012-01-01</value>
      <value>FP-GTC</value>
      <value>-121.3900</value>
      <value>-121.3900</value>
      <value>817.5300</value>
    </row>
    <row>
      <value>2012-01-01</value>
      <value><![CDATA[FP-non GTC]]></value>
      <value>1626.8700</value>
      <value>1626.8700</value>
      <value>233.1000</value>
    </row>
    <row>
      <value>2012-01-01</value>
      <value>Others</value>
      <value>814.8500</value>
      <value>814.8500</value>
      <value>783.4100</value>
    </row>
    <row>
      <value>2012-01-02</value>
      <value>ABIN</value>
      <value>1245.0500</value>
      <value>807.2900</value>
      <value>3210.2100</value>
    </row>
    <row>
      <value>2012-01-02</value>
      <value>Auction</value>
      <value>290.0700</value>
      <value>893.5700</value>
      <value>925.3800</value>
    </row>
    <row>
      <value>2012-01-02</value>
      <value>FP-GTC</value>
      <value>301.6200</value>
      <value>-121.3900</value>
      <value>2733.4100</value>
    </row>
    <row>
      <value>2012-01-02</value>
      <value><![CDATA[FP-non GTC]]></value>
      <value>2176.7900</value>
      <value>1626.8700</value>
      <value>1094.2000</value>
    </row>
    <row>
      <value>2012-01-02</value>
      <value>Others</value>
      <value>705.3500</value>
      <value>814.8500</value>
      <value>1161.3500</value>
    </row>
    <row>
      <value>2012-01-03</value>
      <value>ABIN</value>
      <value>358.9100</value>
      <value>807.2900</value>
      <value>2036.4000</value>
    </row>
    <row>
      <value>2012-01-03</value>
      <value>Auction</value>
      <value>949.4000</value>
      <value>893.5700</value>
      <value>962.9800</value>
    </row>
    <row>
      <value>2012-01-03</value>
      <value>FP-GTC</value>
      <value>381.7800</value>
      <value>-121.3900</value>
      <value>2686.4400</value>
    </row>
    <row>
      <value>2012-01-03</value>
      <value><![CDATA[FP-non GTC]]></value>
      <value>2125.6800</value>
      <value>1626.8700</value>
      <value>1006.6200</value>
    </row>
    <row>
      <value>2012-01-03</value>
      <value>Others</value>
      <value>1466.4300</value>
      <value>814.8500</value>
      <value>2334.9300</value>
    </row>
    <row>
      <value>2012-01-04</value>
      <value>ABIN</value>
      <value>1916.3800</value>
      <value>807.2900</value>
      <value>625.5100</value>
    </row>
    <row>
      <value>2012-01-04</value>
      <value>FP-GTC</value>
      <value>817.5300</value>
      <value>-121.3900</value>
      <value>720.6200</value>
    </row>
    <row>
      <value>2012-01-04</value>
      <value><![CDATA[FP-non GTC]]></value>
      <value>233.1000</value>
      <value>1626.8700</value>
      <value>2617.7400</value>
    </row>
    <row>
      <value>2012-01-04</value>
      <value>Others</value>
      <value>783.4100</value>
      <value>814.8500</value>
      <value>1415.2800</value>
    </row>
    <row>
      <value>2012-01-05</value>
      <value>ABIN</value>
      <value>3210.2100</value>
      <value>1245.0500</value>
      <value>510.7900</value>
    </row>
    <row>
      <value>2012-01-05</value>
      <value>Auction</value>
      <value>925.3800</value>
      <value>290.0700</value>
      <value>946.9200</value>
    </row>
    <row>
      <value>2012-01-05</value>
      <value>FP-GTC</value>
      <value>2733.4100</value>
      <value>301.6200</value>
      <value>1496.8400</value>
    </row>
    <row>
      <value>2012-01-05</value>
      <value><![CDATA[FP-non GTC]]></value>
      <value>1094.2000</value>
      <value>2176.7900</value>
      <value>3321.6900</value>
    </row>
    <row>
      <value>2012-01-05</value>
      <value>Others</value>
      <value>1161.3500</value>
      <value>705.3500</value>
      <value>920.8100</value>
    </row>
    <row>
      <value>2012-01-06</value>
      <value>ABIN</value>
      <value>2036.4000</value>
      <value>358.9100</value>
      <value>3.7700</value>
    </row>
    <row>
      <value>2012-01-06</value>
      <value>Auction</value>
      <value>962.9800</value>
      <value>949.4000</value>
      <value>2517.6900</value>
    </row>
    <row>
      <value>2012-01-06</value>
      <value>FP-GTC</value>
      <value>2686.4400</value>
      <value>381.7800</value>
      <value>1345.9700</value>
    </row>
    <row>
      <value>2012-01-06</value>
      <value><![CDATA[FP-non GTC]]></value>
      <value>1006.6200</value>
      <value>2125.6800</value>
      <value>1118.3800</value>
    </row>
    <row>
      <value>2012-01-06</value>
      <value>Others</value>
      <value>2334.9300</value>
      <value>1466.4300</value>
      <value>463.4800</value>
    </row>
    <row>
      <value>2012-01-07</value>
      <value>ABIN</value>
      <value>625.5100</value>
      <value>1916.3800</value>
      <value>3039.7900</value>
    </row>
    <row>
      <value>2012-01-07</value>
      <value>Auction</value>
      <value>1654.7100</value>
      <value>925.3800</value>
      <value>2841.3500</value>
    </row>
    <row>
      <value>2012-01-07</value>
      <value>FP-GTC</value>
      <value>720.6200</value>
      <value>817.5300</value>
      <value>990.0600</value>
    </row>
    <row>
      <value>2012-01-07</value>
      <value><![CDATA[FP-non GTC]]></value>
      <value>2617.7400</value>
      <value>233.1000</value>
      <value>4167.8600</value>
    </row>
    <row>
      <value>2012-01-07</value>
      <value>Others</value>
      <value>1415.2800</value>
      <value>783.4100</value>
      <value>-29.8300</value>
    </row>
    <row>
      <value>2012-01-08</value>
      <value>ABIN</value>
      <value>510.7900</value>
      <value>3210.2100</value>
      <value>1577.1900</value>
    </row>
    <row>
      <value>2012-01-08</value>
      <value>Auction</value>
      <value>946.9200</value>
      <value>925.3800</value>
      <value>1558.8700</value>
    </row>
    <row>
      <value>2012-01-08</value>
      <value>FP-GTC</value>
      <value>1496.8400</value>
      <value>2733.4100</value>
      <value>913.9200</value>
    </row>
    <row>
      <value>2012-01-08</value>
      <value><![CDATA[FP-non GTC]]></value>
      <value>3321.6900</value>
      <value>1094.2000</value>
      <value>1323.9400</value>
    </row>
    <row>
      <value>2012-01-08</value>
      <value>Others</value>
      <value>920.8100</value>
      <value>1161.3500</value>
      <value>-78.1900</value>
    </row>
    <row>
      <value>2012-01-09</value>
      <value>ABIN</value>
      <value>3.7700</value>
      <value>2036.4000</value>
      <value>402.2900</value>
    </row>
    <row>
      <value>2012-01-09</value>
      <value>Auction</value>
      <value>2517.6900</value>
      <value>962.9800</value>
      <value>395.5700</value>
    </row>
    <row>
      <value>2012-01-09</value>
      <value>FP-GTC</value>
      <value>1345.9700</value>
      <value>2686.4400</value>
      <value>1076.2700</value>
    </row>
    <row>
      <value>2012-01-09</value>
      <value><![CDATA[FP-non GTC]]></value>
      <value>1118.3800</value>
      <value>1006.6200</value>
      <value>1890.8100</value>
    </row>
    <row>
      <value>2012-01-09</value>
      <value>Others</value>
      <value>463.4800</value>
      <value>2334.9300</value>
      <value>478.4500</value>
    </row>
    <row>
      <value>2012-01-10</value>
      <value>ABIN</value>
      <value>3039.7900</value>
      <value>625.5100</value>
      <value>1013.8500</value>
    </row>
    <row>
      <value>2012-01-10</value>
      <value>Auction</value>
      <value>2841.3500</value>
      <value>1654.7100</value>
      <value>395.5700</value>
    </row>
    <row>
      <value>2012-01-10</value>
      <value>FP-GTC</value>
      <value>990.0600</value>
      <value>720.6200</value>
      <value>1091.5700</value>
    </row>
    <row>
      <value>2012-01-10</value>
      <value><![CDATA[FP-non GTC]]></value>
      <value>4167.8600</value>
      <value>2617.7400</value>
      <value>441.0200</value>
    </row>
    <row>
      <value>2012-01-10</value>
      <value>Others</value>
      <value>-29.8300</value>
      <value>1415.2800</value>
      <value>695.8500</value>
    </row>
    <row>
      <value>2012-01-11</value>
      <value>ABIN</value>
      <value>1577.1900</value>
      <value>510.7900</value>
      <value>10.2400</value>
    </row>
    <row>
      <value>2012-01-11</value>
      <value>Auction</value>
      <value>1558.8700</value>
      <value>946.9200</value>
      <value>1612.1600</value>
    </row>
    <row>
      <value>2012-01-11</value>
      <value>FP-GTC</value>
      <value>913.9200</value>
      <value>1496.8400</value>
      <value>2121.8300</value>
    </row>
    <row>
      <value>2012-01-11</value>
      <value><![CDATA[FP-non GTC]]></value>
      <value>1323.9400</value>
      <value>3321.6900</value>
      <value>466.6800</value>
    </row>
    <row>
      <value>2012-01-11</value>
      <value>Others</value>
      <value>-78.1900</value>
      <value>920.8100</value>
      <value>1373.0900</value>
    </row>
    <row>
      <value>2012-01-12</value>
      <value>ABIN</value>
      <value>402.2900</value>
      <value>3.7700</value>
      <value>2246.8200</value>
    </row>
    <row>
      <value>2012-01-12</value>
      <value>Auction</value>
      <value>395.5700</value>
      <value>2517.6900</value>
      <value>384.1000</value>
    </row>
    <row>
      <value>2012-01-12</value>
      <value>FP-GTC</value>
      <value>1076.2700</value>
      <value>1345.9700</value>
      <value>2121.8300</value>
    </row>
    <row>
      <value>2012-01-12</value>
      <value><![CDATA[FP-non GTC]]></value>
      <value>1890.8100</value>
      <value>1118.3800</value>
      <value>788.0800</value>
    </row>
    <row>
      <value>2012-01-12</value>
      <value>Others</value>
      <value>478.4500</value>
      <value>463.4800</value>
      <value>517.4400</value>
    </row>
    <row>
      <value>2012-01-13</value>
      <value>ABIN</value>
      <value>1013.8500</value>
      <value>3039.7900</value>
      <value>-38.3500</value>
    </row>
    <row>
      <value>2012-01-13</value>
      <value>FP-GTC</value>
      <value>1091.5700</value>
      <value>990.0600</value>
      <value>604.7300</value>
    </row>
    <row>
      <value>2012-01-13</value>
      <value><![CDATA[FP-non GTC]]></value>
      <value>441.0200</value>
      <value>4167.8600</value>
      <value>1173.5400</value>
    </row>
    <row>
      <value>2012-01-13</value>
      <value>Others</value>
      <value>695.8500</value>
      <value>-29.8300</value>
      <value>1103.4900</value>
    </row>
    <row>
      <value>2012-01-14</value>
      <value>ABIN</value>
      <value>10.2400</value>
      <value>1577.1900</value>
      <value>835.2400</value>
    </row>
    <row>
      <value>2012-01-14</value>
      <value>Auction</value>
      <value>1612.1600</value>
      <value>1558.8700</value>
      <value>1932.0200</value>
    </row>
    <row>
      <value>2012-01-14</value>
      <value>FP-GTC</value>
      <value>2121.8300</value>
      <value>913.9200</value>
      <value>3124.9000</value>
    </row>
    <row>
      <value>2012-01-14</value>
      <value><![CDATA[FP-non GTC]]></value>
      <value>466.6800</value>
      <value>1323.9400</value>
      <value>3613.3200</value>
    </row>
    <row>
      <value>2012-01-14</value>
      <value>Others</value>
      <value>1373.0900</value>
      <value>-78.1900</value>
      <value>1103.4900</value>
    </row>
    <row>
      <value>2012-01-15</value>
      <value>ABIN</value>
      <value>2246.8200</value>
      <value>402.2900</value>
      <value>2259.1500</value>
    </row>
    <row>
      <value>2012-01-15</value>
      <value>Auction</value>
      <value>384.1000</value>
      <value>395.5700</value>
      <value>2563.7200</value>
    </row>
    <row>
      <value>2012-01-15</value>
      <value><![CDATA[FP-non GTC]]></value>
      <value>788.0800</value>
      <value>1890.8100</value>
      <value>1203.1800</value>
    </row>
    <row>
      <value>2012-01-15</value>
      <value>Others</value>
      <value>517.4400</value>
      <value>478.4500</value>
      <value>1288.4600</value>
    </row>
    <row>
      <value>2012-01-16</value>
      <value>ABIN</value>
      <value>-38.3500</value>
      <value>1013.8500</value>
      <value>265.7800</value>
    </row>
    <row>
      <value>2012-01-16</value>
      <value>Auction</value>
      <value>769.9300</value>
      <value>1612.1600</value>
      <value>991.9900</value>
    </row>
    <row>
      <value>2012-01-16</value>
      <value>FP-GTC</value>
      <value>604.7300</value>
      <value>1091.5700</value>
      <value>688.8300</value>
    </row>
    <row>
      <value>2012-01-16</value>
      <value><![CDATA[FP-non GTC]]></value>
      <value>1173.5400</value>
      <value>441.0200</value>
      <value>2732.3000</value>
    </row>
    <row>
      <value>2012-01-16</value>
      <value>Others</value>
      <value>1103.4900</value>
      <value>695.8500</value>
      <value>722.7600</value>
    </row>
    <row>
      <value>2012-01-17</value>
      <value>ABIN</value>
      <value>835.2400</value>
      <value>10.2400</value>
      <value>920.4900</value>
    </row>
    <row>
      <value>2012-01-17</value>
      <value>Auction</value>
      <value>1932.0200</value>
      <value>1612.1600</value>
      <value>1216.6700</value>
    </row>
    <row>
      <value>2012-01-17</value>
      <value>FP-GTC</value>
      <value>3124.9000</value>
      <value>2121.8300</value>
      <value>1869.3800</value>
    </row>
    <row>
      <value>2012-01-17</value>
      <value><![CDATA[FP-non GTC]]></value>
      <value>3613.3200</value>
      <value>466.6800</value>
      <value>784.8900</value>
    </row>
    <row>
      <value>2012-01-18</value>
      <value>ABIN</value>
      <value>2259.1500</value>
      <value>2246.8200</value>
      <value>1813.5900</value>
    </row>
    <row>
      <value>2012-01-18</value>
      <value>Auction</value>
      <value>2563.7200</value>
      <value>384.1000</value>
      <value>721.5200</value>
    </row>
    <row>
      <value>2012-01-18</value>
      <value>FP-GTC</value>
      <value>1078.8300</value>
      <value>604.7300</value>
      <value>103.6500</value>
    </row>
    <row>
      <value>2012-01-18</value>
      <value><![CDATA[FP-non GTC]]></value>
      <value>1203.1800</value>
      <value>788.0800</value>
      <value>2087.1000</value>
    </row>
    <row>
      <value>2012-01-18</value>
      <value>Others</value>
      <value>1288.4600</value>
      <value>517.4400</value>
      <value>1063.2700</value>
    </row>
    <row>
      <value>2012-01-19</value>
      <value>ABIN</value>
      <value>265.7800</value>
      <value>-38.3500</value>
      <value>2768.8900</value>
    </row>
    <row>
      <value>2012-01-19</value>
      <value>Auction</value>
      <value>991.9900</value>
      <value>769.9300</value>
      <value>721.5200</value>
    </row>
    <row>
      <value>2012-01-19</value>
      <value>FP-GTC</value>
      <value>688.8300</value>
      <value>604.7300</value>
      <value>1612.7000</value>
    </row>
    <row>
      <value>2012-01-19</value>
      <value><![CDATA[FP-non GTC]]></value>
      <value>2732.3000</value>
      <value>1173.5400</value>
      <value>1386.4700</value>
    </row>
    <row>
      <value>2012-01-19</value>
      <value>Others</value>
      <value>722.7600</value>
      <value>1103.4900</value>
      <value>1442.7700</value>
    </row>
    <row>
      <value>2012-01-20</value>
      <value>ABIN</value>
      <value>920.4900</value>
      <value>835.2400</value>
      <value>2768.8900</value>
    </row>
    <row>
      <value>2012-01-20</value>
      <value>Auction</value>
      <value>1216.6700</value>
      <value>1932.0200</value>
      <value>748.4700</value>
    </row>
    <row>
      <value>2012-01-20</value>
      <value>FP-GTC</value>
      <value>1869.3800</value>
      <value>3124.9000</value>
      <value>3157.6600</value>
    </row>
    <row>
      <value>2012-01-20</value>
      <value><![CDATA[FP-non GTC]]></value>
      <value>784.8900</value>
      <value>3613.3200</value>
      <value>1386.4700</value>
    </row>
    <row>
      <value>2012-01-20</value>
      <value>Others</value>
      <value>1261.4200</value>
      <value>1288.4600</value>
      <value>2125.2000</value>
    </row>
    <row>
      <value>2012-01-21</value>
      <value>ABIN</value>
      <value>1813.5900</value>
      <value>2259.1500</value>
      <value>1547.8200</value>
    </row>
    <row>
      <value>2012-01-21</value>
      <value>Auction</value>
      <value>721.5200</value>
      <value>2563.7200</value>
      <value>2846.5800</value>
    </row>
    <row>
      <value>2012-01-21</value>
      <value>FP-GTC</value>
      <value>103.6500</value>
      <value>1078.8300</value>
      <value>1094.8000</value>
    </row>
    <row>
      <value>2012-01-21</value>
      <value><![CDATA[FP-non GTC]]></value>
      <value>2087.1000</value>
      <value>1203.1800</value>
      <value>1595.4100</value>
    </row>
    <row>
      <value>2012-01-21</value>
      <value>Others</value>
      <value>1063.2700</value>
      <value>1288.4600</value>
      <value>2492.2200</value>
    </row>
    <row>
      <value>2012-01-22</value>
      <value>ABIN</value>
      <value>2768.8900</value>
      <value>265.7800</value>
      <value>2274.3400</value>
    </row>
    <row>
      <value>2012-01-22</value>
      <value>FP-GTC</value>
      <value>1612.7000</value>
      <value>688.8300</value>
      <value>1002.9800</value>
    </row>
    <row>
      <value>2012-01-22</value>
      <value><![CDATA[FP-non GTC]]></value>
      <value>1386.4700</value>
      <value>2732.3000</value>
      <value>2643.8500</value>
    </row>
    <row>
      <value>2012-01-22</value>
      <value>Others</value>
      <value>1442.7700</value>
      <value>722.7600</value>
      <value>1291.5200</value>
    </row>
    <row>
      <value>2012-01-23</value>
      <value>Auction</value>
      <value>748.4700</value>
      <value>1216.6700</value>
      <value>1916.8400</value>
    </row>
    <row>
      <value>2012-01-23</value>
      <value>FP-GTC</value>
      <value>3157.6600</value>
      <value>1869.3800</value>
      <value>1663.6500</value>
    </row>
    <row>
      <value>2012-01-23</value>
      <value>Others</value>
      <value>2125.2000</value>
      <value>1261.4200</value>
      <value>1009.0100</value>
    </row>
    <row>
      <value>2012-01-24</value>
      <value>ABIN</value>
      <value>1547.8200</value>
      <value>1813.5900</value>
      <value>1833.5700</value>
    </row>
    <row>
      <value>2012-01-24</value>
      <value>Auction</value>
      <value>2846.5800</value>
      <value>721.5200</value>
      <value>1938.5200</value>
    </row>
    <row>
      <value>2012-01-24</value>
      <value>FP-GTC</value>
      <value>1094.8000</value>
      <value>103.6500</value>
      <value>1750.7400</value>
    </row>
    <row>
      <value>2012-01-24</value>
      <value><![CDATA[FP-non GTC]]></value>
      <value>1595.4100</value>
      <value>2087.1000</value>
      <value>2156.5400</value>
    </row>
    <row>
      <value>2012-01-24</value>
      <value>Others</value>
      <value>2492.2200</value>
      <value>1063.2700</value>
      <value>1877.9700</value>
    </row>
    <row>
      <value>2012-01-25</value>
      <value>ABIN</value>
      <value>2274.3400</value>
      <value>2768.8900</value>
      <value>609.0700</value>
    </row>
    <row>
      <value>2012-01-25</value>
      <value>Auction</value>
      <value>496.0500</value>
      <value>748.4700</value>
      <value>844.2400</value>
    </row>
    <row>
      <value>2012-01-25</value>
      <value>FP-GTC</value>
      <value>1002.9800</value>
      <value>1612.7000</value>
      <value>2133.9700</value>
    </row>
    <row>
      <value>2012-01-25</value>
      <value><![CDATA[FP-non GTC]]></value>
      <value>2643.8500</value>
      <value>1386.4700</value>
      <value>604.7200</value>
    </row>
    <row>
      <value>2012-01-25</value>
      <value>Others</value>
      <value>1291.5200</value>
      <value>1442.7700</value>
      <value>995.8900</value>
    </row>
    <row>
      <value>2012-01-26</value>
      <value>ABIN</value>
      <value>-51.7000</value>
      <value>1547.8200</value>
      <value>741.2700</value>
    </row>
    <row>
      <value>2012-01-26</value>
      <value>Auction</value>
      <value>1916.8400</value>
      <value>748.4700</value>
      <value>1106.2000</value>
    </row>
    <row>
      <value>2012-01-26</value>
      <value>FP-GTC</value>
      <value>1663.6500</value>
      <value>3157.6600</value>
      <value>1803.4000</value>
    </row>
    <row>
      <value>2012-01-26</value>
      <value><![CDATA[FP-non GTC]]></value>
      <value>1983.6100</value>
      <value>1595.4100</value>
      <value>409.3700</value>
    </row>
    <row>
      <value>2012-01-26</value>
      <value>Others</value>
      <value>1009.0100</value>
      <value>2125.2000</value>
      <value>995.8900</value>
    </row>
    <row>
      <value>2012-01-27</value>
      <value>ABIN</value>
      <value>1833.5700</value>
      <value>1547.8200</value>
      <value>2833.7200</value>
    </row>
    <row>
      <value>2012-01-27</value>
      <value>Auction</value>
      <value>1938.5200</value>
      <value>2846.5800</value>
      <value>1320.1000</value>
    </row>
    <row>
      <value>2012-01-27</value>
      <value>FP-GTC</value>
      <value>1750.7400</value>
      <value>1094.8000</value>
      <value>308.8100</value>
    </row>
    <row>
      <value>2012-01-27</value>
      <value><![CDATA[FP-non GTC]]></value>
      <value>2156.5400</value>
      <value>1595.4100</value>
      <value>684.6300</value>
    </row>
    <row>
      <value>2012-01-27</value>
      <value>Others</value>
      <value>1877.9700</value>
      <value>2492.2200</value>
      <value>490.8800</value>
    </row>
    <row>
      <value>2012-01-28</value>
      <value>ABIN</value>
      <value>609.0700</value>
      <value>2274.3400</value>
      <value>2804.3100</value>
    </row>
    <row>
      <value>2012-01-28</value>
      <value>Auction</value>
      <value>844.2400</value>
      <value>496.0500</value>
      <value>2186.1400</value>
    </row>
    <row>
      <value>2012-01-28</value>
      <value>FP-GTC</value>
      <value>2133.9700</value>
      <value>1002.9800</value>
      <value>938.3100</value>
    </row>
    <row>
      <value>2012-01-28</value>
      <value><![CDATA[FP-non GTC]]></value>
      <value>604.7200</value>
      <value>2643.8500</value>
      <value>786.0000</value>
    </row>
    <row>
      <value>2012-01-28</value>
      <value>Others</value>
      <value>995.8900</value>
      <value>1291.5200</value>
      <value>1452.9200</value>
    </row>
    <row>
      <value>2012-01-29</value>
      <value>ABIN</value>
      <value>741.2700</value>
      <value>-51.7000</value>
      <value>2804.3100</value>
    </row>
    <row>
      <value>2012-01-29</value>
      <value>Auction</value>
      <value>1106.2000</value>
      <value>1916.8400</value>
      <value>2186.1400</value>
    </row>
    <row>
      <value>2012-01-29</value>
      <value>FP-GTC</value>
      <value>1803.4000</value>
      <value>1663.6500</value>
      <value>938.3100</value>
    </row>
    <row>
      <value>2012-01-29</value>
      <value><![CDATA[FP-non GTC]]></value>
      <value>409.3700</value>
      <value>1983.6100</value>
      <value>786.0000</value>
    </row>
    <row>
      <value>2012-01-30</value>
      <value>ABIN</value>
      <value>2833.7200</value>
      <value>1833.5700</value>
      <value>2804.3100</value>
    </row>
    <row>
      <value>2012-01-30</value>
      <value>Auction</value>
      <value>1320.1000</value>
      <value>1938.5200</value>
      <value>2186.1400</value>
    </row>
    <row>
      <value>2012-01-30</value>
      <value>FP-GTC</value>
      <value>308.8100</value>
      <value>1750.7400</value>
      <value>938.3100</value>
    </row>
    <row>
      <value>2012-01-30</value>
      <value><![CDATA[FP-non GTC]]></value>
      <value>684.6300</value>
      <value>2156.5400</value>
      <value>786.0000</value>
    </row>
    <row>
      <value>2012-01-30</value>
      <value>Others</value>
      <value>490.8800</value>
      <value>1877.9700</value>
      <value>1452.9200</value>
    </row>
    <row>
      <value>2012-01-31</value>
      <value>ABIN</value>
      <value>2804.3100</value>
      <value>609.0700</value>
      <value>2804.3100</value>
    </row>
    <row>
      <value>2012-01-31</value>
      <value>Auction</value>
      <value>2186.1400</value>
      <value>844.2400</value>
      <value>2186.1400</value>
    </row>
    <row>
      <value>2012-01-31</value>
      <value>FP-GTC</value>
      <value>938.3100</value>
      <value>2133.9700</value>
      <value>938.3100</value>
    </row>
    <row>
      <value>2012-01-31</value>
      <value><![CDATA[FP-non GTC]]></value>
      <value>786.0000</value>
      <value>604.7200</value>
      <value>786.0000</value>
    </row>
    <row>
      <value>2012-01-31</value>
      <value>Others</value>
      <value>1452.9200</value>
      <value>995.8900</value>
      <value>1452.9200</value>
    </row>
  </table>
</dataset>
